Archive member included to satisfy reference by file (symbol)

/opt/devkitpro/libnds/lib/libfat.a(fat_wrappers.o)
                              main.o (fatInitDefault)
/opt/devkitpro/libnds/lib/libfat.a(dvm_calico.o)
                              /opt/devkitpro/libnds/lib/libfat.a(fat_wrappers.o) (dvmInit)
/opt/devkitpro/libnds/lib/libfat.a(dvm_disc.o)
                              /opt/devkitpro/libnds/lib/libfat.a(fat_wrappers.o) (dvmDiscCreate)
/opt/devkitpro/libnds/lib/libfat.a(dvm_cache.o)
                              /opt/devkitpro/libnds/lib/libfat.a(fat_wrappers.o) (dvmDiscCacheCreate)
/opt/devkitpro/libnds/lib/libfat.a(dvm_volume.o)
                              /opt/devkitpro/libnds/lib/libfat.a(fat_wrappers.o) (dvmMountVolume)
/opt/devkitpro/libnds/lib/libfat.a(dvm_prober.o)
                              /opt/devkitpro/libnds/lib/libfat.a(dvm_calico.o) (dvmProbeMountDisc)
/opt/devkitpro/libnds/lib/libfat.a(fat_driver.o)
                              /opt/devkitpro/libnds/lib/libfat.a(dvm_volume.o) (g_vfatFsDriver)
/opt/devkitpro/libnds/lib/libfat.a(ff.o)
                              /opt/devkitpro/libnds/lib/libfat.a(fat_driver.o) (f_mount)
/opt/devkitpro/libnds/lib/libfat.a(ffunicode.o)
                              /opt/devkitpro/libnds/lib/libfat.a(ff.o) (ff_uni2oem)
/opt/devkitpro/libnds/lib/libnds9.a(console.o)
                              main.o (consoleDemoInit)
/opt/devkitpro/libnds/lib/libnds9.a(keys.o)
                              main.o (scanKeys)
/opt/devkitpro/libnds/lib/libnds9.a(system.o)
                              main.o (powerOn)
/opt/devkitpro/libnds/lib/libnds9.a(default_font.bin.o)
                              /opt/devkitpro/libnds/lib/libnds9.a(console.o) (default_font_bin)
/opt/devkitpro/libnds/lib/libnds9.a(background.o)
                              /opt/devkitpro/libnds/lib/libnds9.a(console.o) (bgState)
/opt/devkitpro/libnds/lib/libnds9.a(trig.o)
                              /opt/devkitpro/libnds/lib/libnds9.a(background.o) (sinLerp)
/opt/devkitpro/calico/lib/libcalico_ds9.a(thread_cold.o)
                              main.o (threadIrqWait)
/opt/devkitpro/calico/lib/libcalico_ds9.a(thread_hot.32.o)
                              /opt/devkitpro/calico/lib/libcalico_ds9.a(thread_cold.o) (threadSwitchTo)
/opt/devkitpro/calico/lib/libcalico_ds9.a(mutex.o)
                              /opt/devkitpro/calico/lib/libcalico_ds9.a(thread_cold.o) (threadUpdateDynamicPrio)
/opt/devkitpro/calico/lib/libcalico_ds9.a(newlib_syscalls.o)
                              /opt/devkitpro/libnds/lib/libfat.a(fat_driver.o) (__errno)
/opt/devkitpro/calico/lib/libcalico_ds9.a(arm-copy-fill.32.o)
                              /opt/devkitpro/libnds/lib/libfat.a(dvm_calico.o) (armCopyMem32)
/opt/devkitpro/calico/lib/libcalico_ds9.a(arm-context.32.o)
                              /opt/devkitpro/calico/lib/libcalico_ds9.a(thread_hot.32.o) (armContextSave)
/opt/devkitpro/calico/lib/libcalico_ds9.a(arm-shims.32.o)
                              /opt/devkitpro/calico/lib/libcalico_ds9.a(thread_cold.o) (armWaitForIrq)
/opt/devkitpro/calico/lib/libcalico_ds9.a(startup.crt0.o)
                              /opt/devkitpro/libnds/lib/libfat.a(dvm_calico.o) (g_isTwlMode)
/opt/devkitpro/calico/lib/libcalico_ds9.a(utils.crt0.o)
                              /opt/devkitpro/calico/lib/libcalico_ds9.a(startup.crt0.o) (crt0CopyMem32)
/opt/devkitpro/calico/lib/libcalico_ds9.a(pxi.o)
                              /opt/devkitpro/calico/lib/libcalico_ds9.a(startup.crt0.o) (_pxiInit)
/opt/devkitpro/calico/lib/libcalico_ds9.a(keypad.o)
                              /opt/devkitpro/libnds/lib/libnds9.a(keys.o) (keypadGetState)
/opt/devkitpro/calico/lib/libcalico_ds9.a(bootstub_arm9.o)
                              (__ds9_bootstub)
/opt/devkitpro/calico/lib/libcalico_ds9.a(mpu_setup.crt0.o)
                              /opt/devkitpro/calico/lib/libcalico_ds9.a(startup.crt0.o) (crt0SetupMPU)
/opt/devkitpro/calico/lib/libcalico_ds9.a(sys_startup.o)
                              /opt/devkitpro/calico/lib/libcalico_ds9.a(startup.crt0.o) (systemStartup)
/opt/devkitpro/calico/lib/libcalico_ds9.a(excpt_handler.32.o)
                              /opt/devkitpro/calico/lib/libcalico_ds9.a(bootstub_arm9.o) (__arm_excpt_rst)
/opt/devkitpro/calico/lib/libcalico_ds9.a(touch.o)
                              /opt/devkitpro/libnds/lib/libnds9.a(keys.o) (touchRead)
/opt/devkitpro/calico/lib/libcalico_ds9.a(blk.o)
                              /opt/devkitpro/libnds/lib/libfat.a(dvm_calico.o) (blkInit)
/opt/devkitpro/calico/lib/libcalico_ds9.a(irq.o)
                              /opt/devkitpro/calico/lib/libcalico_ds9.a(pxi.o) (irqSet)
/opt/devkitpro/calico/lib/libcalico_ds9.a(tick.o)
                              /opt/devkitpro/calico/lib/libcalico_ds9.a(thread_cold.o) (tickTaskStart)
/opt/devkitpro/calico/lib/libcalico_ds9.a(mailbox.o)
                              /opt/devkitpro/calico/lib/libcalico_ds9.a(pxi.o) (mailboxTrySend)
[...]
Memory Configuration

Name             Origin             Length             Attributes
lma9             0x02004000         0x0027c000
lma9i            0x02400000         0x00280000
vectors          0x00000000         0x00000020
itcm             0x01ff8020         0x00007fe0
main             0x02001000         0x00f7f000
dtcm             0x02ff0000         0x00003e80
dldi             0x0380b000         0x00004000
stub             0x0e000000         0x00004000
tls              0x00000000         0x00000400
*default*        0x00000000         0xffffffff

Linker script and memory map

                0x00000000                        __sync_synchronize = __sync_synchronize_none
LOAD /opt/devkitpro/devkitARM/lib/gcc/arm-none-eabi/15.2.0/thumb/crti.o
LOAD /opt/devkitpro/devkitARM/lib/gcc/arm-none-eabi/15.2.0/thumb/crtbegin.o
LOAD main.o
LOAD vfont_0.o
LOAD /opt/devkitpro/libnds/lib/libfat.a
LOAD /opt/devkitpro/libnds/lib/libnds9.a
LOAD /opt/devkitpro/calico/lib/libcalico_ds9.a
START GROUP
LOAD /opt/devkitpro/devkitARM/lib/gcc/arm-none-eabi/15.2.0/thumb/libgcc.a
LOAD /opt/devkitpro/devkitARM/lib/gcc/arm-none-eabi/15.2.0/../../../../arm-none-eabi/lib/thumb/libg.a
LOAD /opt/devkitpro/devkitARM/lib/gcc/arm-none-eabi/15.2.0/../../../../arm-none-eabi/lib/thumb/libc.a
LOAD /opt/devkitpro/devkitARM/lib/gcc/arm-none-eabi/15.2.0/../../../../arm-none-eabi/lib/thumb/libsysbase.a
END GROUP
LOAD /opt/devkitpro/devkitARM/lib/gcc/arm-none-eabi/15.2.0/thumb/crtend.o
LOAD /opt/devkitpro/devkitARM/lib/gcc/arm-none-eabi/15.2.0/thumb/crtn.o
                0x02ff3e80                        PROVIDE (__sp_usr = (ORIGIN (dtcm) + LENGTH (dtcm)))
                0x02ff3f80                        PROVIDE (__sp_irq = (__sp_usr + 0x100))
                0x02ff3fc0                        PROVIDE (__sp_svc = (__sp_irq + 0x40))
                0x02ff3ff8                        PROVIDE (__irq_flags = (__sp_svc + 0x38))
                [!provide]                        PROVIDE (__irq_vector = (__sp_svc + 0x3c))
                [!provide]                        PROVIDE (__arm_excpt_rst = 0xffff0000)
                [!provide]                        PROVIDE (__arm_excpt_und = 0xffff0004)
                0xffff0008                        PROVIDE (__arm_excpt_svc = 0xffff0008)
                [!provide]                        PROVIDE (__arm_excpt_pabt = 0xffff000c)
                [!provide]                        PROVIDE (__arm_excpt_dabt = 0xffff0010)
                [!provide]                        PROVIDE (__arm_excpt_irq = 0xffff0018)
                [!provide]                        PROVIDE (__arm_excpt_fiq = 0xffff001c)
                0x00000000                        PROVIDE (__end__ = 0x0)

.secure         0x0e000000      0x800 load address 0x02004000
                0x0e0007fc                        . = (. + 0x7fc)
 *fill*         0x0e000000      0x7fc 00000000
                0x0e0007fc        0x4 LONG 0x0

.bootstub       0x0e000800      0x198 load address 0x02004800
 *(.bootstub .bootstub.*)
 .bootstub.__ds9_bootstub
                0x0e000800      0x198 /opt/devkitpro/calico/lib/libcalico_ds9.a(bootstub_arm9.o)
                0x0e000800                __ds9_bootstub
                0x0e000998                        . = ALIGN (0x4)

.crt0           0x02001000      0x3c0 load address 0x02004998
 *(.crt0 .crt0.*)
 .crt0.__ds9_bootstub_trampoline
                0x02001000       0x60 /opt/devkitpro/calico/lib/libcalico_ds9.a(bootstub_arm9.o)
 *.crt0.*(.text .stub .text.* .gnu.linkonce.t.*)
 .text.crt0ProcessLoadList
                0x02001060       0x74 /opt/devkitpro/calico/lib/libcalico_ds9.a(startup.crt0.o)
                0x02001060                crt0ProcessLoadList
 .text.crt0Startup
                0x020010d4      0x180 /opt/devkitpro/calico/lib/libcalico_ds9.a(startup.crt0.o)
                0x020010d4                crt0Startup
 .text.crt0CopyMem32
                0x02001254       0x4c /opt/devkitpro/calico/lib/libcalico_ds9.a(utils.crt0.o)
                0x02001254                crt0CopyMem32
 .text.crt0FillMem32
                0x020012a0       0x58 /opt/devkitpro/calico/lib/libcalico_ds9.a(utils.crt0.o)
                0x020012a0                crt0FillMem32
 .text.crt0SetupMPU
                0x020012f8       0xb4 /opt/devkitpro/calico/lib/libcalico_ds9.a(mpu_setup.crt0.o)
                0x020012f8                crt0SetupMPU
 *.crt0.*(.glue_7t .glue_7 .vfp11_veneer .v4_bx)
 *.crt0.*(.rodata .rodata.* .gnu.linkonce.r.*)
 *.crt0.*(.rodata1)
                0x020013c0                        . = ALIGN (0x20)
 *fill*         0x020013ac       0x14 ff
                0x02004998                        PROVIDE (__crt0_lma = LOADADDR (.crt0))
                0x02001000                        PROVIDE (__crt0_start = ADDR (.crt0))
                0x020013c0                        PROVIDE (__crt0_end = (ADDR (.crt0) + SIZEOF (.crt0)))
                0x00000001                        ASSERT (((__crt0_end <= LOADADDR (.bootstub)) || (__crt0_start >= (LOADADDR (.bootstub) + SIZEOF (.bootstub)))), Error: crt0 section overlaps initial bootstrap)

.dldi           0x0380b000     0x4000 load address 0x02004d58
 *(.dldi)
 .dldi          0x0380b000     0x4000 /opt/devkitpro/calico/lib/libcalico_ds9.a(dldi_stub.o)
                0x0380b000                __dldi_start
                0x02004d58                        PROVIDE (__dldi_lma = SIZEOF (.dldi)?LOADADDR (.dldi):0x0)

.vectors        0x00000000       0x20 load address 0x02008d58
 *(.vectors)
 .vectors       0x00000000       0x20 /opt/devkitpro/calico/lib/libcalico_ds9.a(bootstub_arm9.o)

.itcm           0x01ff8020      0x6c8 load address 0x02008d78
 *(.itcm .itcm.*)
 .itcm          0x01ff8020       0x30 /opt/devkitpro/calico/lib/libcalico_ds9.a(bootstub_arm9.o)
                0x01ff8038                __excpt_vectors
 *.itcm.*(.text .stub .text.* .gnu.linkonce.t.*)
 *.32.o(.text .stub .text.* .gnu.linkonce.t.*)
 .text.threadSwitchTo
                0x01ff8050       0x7c /opt/devkitpro/calico/lib/libcalico_ds9.a(thread_hot.32.o)
                0x01ff8050                threadSwitchTo
 .text.threadBlock
                0x01ff80cc       0xd4 /opt/devkitpro/calico/lib/libcalico_ds9.a(thread_hot.32.o)
                0x01ff80cc                threadBlock
 .text.threadUnblockOneByValue
                0x01ff81a0       0xd4 /opt/devkitpro/calico/lib/libcalico_ds9.a(thread_hot.32.o)
                0x01ff81a0                threadUnblockOneByValue
 .text.threadUnblockAllByValue
                0x01ff8274      0x138 /opt/devkitpro/calico/lib/libcalico_ds9.a(thread_hot.32.o)
                0x01ff8274                threadUnblockAllByValue
 .text.threadUnblockAllByMask
                0x01ff83ac       0xf0 /opt/devkitpro/calico/lib/libcalico_ds9.a(thread_hot.32.o)
                0x01ff83ac                threadUnblockAllByMask
 .text.armCopyMem32
                0x01ff849c       0x4c /opt/devkitpro/calico/lib/libcalico_ds9.a(arm-copy-fill.32.o)
                0x01ff849c                armCopyMem32
 .text.armContextSave
                0x01ff84e8       0x2c /opt/devkitpro/calico/lib/libcalico_ds9.a(arm-context.32.o)
                0x01ff84e8                armContextSave
 .text.armContextLoad
                0x01ff8514       0x20 /opt/devkitpro/calico/lib/libcalico_ds9.a(arm-context.32.o)
                0x01ff8514                armContextLoad
                0x01ff8518                armContextLoadFromSvc
 .text.armWaitForIrq
                0x01ff8534        0x8 /opt/devkitpro/calico/lib/libcalico_ds9.a(arm-shims.32.o)
                0x01ff8534                armWaitForIrq
 .text.__excpt_entry
                0x01ff853c       0x50 /opt/devkitpro/calico/lib/libcalico_ds9.a(excpt_handler.32.o)
                0x01ff853c                __arm_excpt_rst
                0x01ff8540                __arm_excpt_pabt
                0x01ff8544                __arm_excpt_und
                0x01ff8550                __arm_excpt_dabt
 .text.armDrainWriteBuffer
                0x01ff858c        0xc /opt/devkitpro/calico/lib/libcalico_ds9.a(arm-cache.32.o)
                0x01ff858c                armDrainWriteBuffer
 .text.armDCacheFlushAll
                0x01ff8598       0x28 /opt/devkitpro/calico/lib/libcalico_ds9.a(arm-cache.32.o)
                0x01ff8598                armDCacheFlushAll
 .text.armDCacheFlush
                0x01ff85c0       0x1c /opt/devkitpro/calico/lib/libcalico_ds9.a(arm-cache.32.o)
                0x01ff85c0                armDCacheFlush
 .text.armDCacheInvalidate
                0x01ff85dc       0x1c /opt/devkitpro/calico/lib/libcalico_ds9.a(arm-cache.32.o)
                0x01ff85dc                armDCacheInvalidate
 .text.armICacheInvalidateAll
                0x01ff85f8        0xc /opt/devkitpro/calico/lib/libcalico_ds9.a(arm-cache.32.o)
                0x01ff85f8                armICacheInvalidateAll
 .text.__arm_excpt_irq
                0x01ff8604       0xe4 /opt/devkitpro/calico/lib/libcalico_ds9.a(irq_handler.32.o)
                0x01ff8604                __arm_excpt_irq
 *.itcm.*(.glue_7t .glue_7 .vfp11_veneer .v4_bx)
 *.32.o(.glue_7t .glue_7 .vfp11_veneer .v4_bx)
 *.itcm.*(.rodata .rodata.* .gnu.linkonce.r.*)
 *.32.o(.rodata .rodata.* .gnu.linkonce.r.*)
 *.itcm.*(.rodata1)
 *.32.o(.rodata1)
                0x01ff86e8                        . = ALIGN (0x4)
                0x02008d58                        PROVIDE (__itcm_lma = LOADADDR (.vectors))
                0x01ff8000                        PROVIDE (__itcm_start = (ADDR (.itcm) - SIZEOF (.vectors)))
                0x01ff86e8                        PROVIDE (__itcm_end = (ADDR (.itcm) + SIZEOF (.itcm)))
                0x00000001                        ASSERT (((__itcm_lma + SIZEOF (.vectors)) == LOADADDR (.itcm)), Error: gap between vectors and itcm)

.dtcm           0x02ff0000        0x0 load address 0x02009440
 *(.dtcm .dtcm.*)
 *.32.o(.data .data.* .gnu.linkonce.d.*)
 *.32.o(.data1)
                0x02ff0000                        . = ALIGN (0x4)
                [!provide]                        PROVIDE (__dtcm_lma = LOADADDR (.dtcm))
                0x02ff0000                        PROVIDE (__dtcm_start = ADDR (.dtcm))
                0x02ff0000                        PROVIDE (__dtcm_end = (ADDR (.dtcm) + SIZEOF (.dtcm)))

.dtcm.bss       0x02ff0000       0x98 load address 0x02009440
 *(.sbss .sbss.*)
 *.32.o(.dynbss)
 *.32.o(.bss .bss.* .gnu.linkonce.b.*)
 .bss.__irq_table
                0x02ff0000       0x80 /opt/devkitpro/calico/lib/libcalico_ds9.a(thread_hot.32.o)
                0x02ff0000                __irq_table
 .bss.__sched_state
                0x02ff0080       0x18 /opt/devkitpro/calico/lib/libcalico_ds9.a(thread_hot.32.o)
                0x02ff0080                __sched_state
 *.32.o(COMMON)
                0x02ff0098                        . = ALIGN (0x4)
                [!provide]                        PROVIDE (__dtcm_bss_start = ADDR (.dtcm.bss))
                0x02ff0098                        PROVIDE (__dtcm_bss_end = (ADDR (.dtcm.bss) + SIZEOF (.dtcm.bss)))

.main           0x020013c0    0x312a8 load address 0x02009440
 *(SORT_NONE(.init))
 .init          0x020013c0        0x4 /opt/devkitpro/devkitARM/lib/gcc/arm-none-eabi/15.2.0/thumb/crti.o
                0x020013c0                _init
 .init          0x020013c4        0x8 /opt/devkitpro/devkitARM/lib/gcc/arm-none-eabi/15.2.0/thumb/crtn.o
 EXCLUDE_FILE(*.twl.*) *(.text.unlikely .text.*_unlikely .text.unlikely.*)
 EXCLUDE_FILE(*.twl.*) *(.text.exit .text.exit.*)
 .text.exit     0x020013cc       0x24 /opt/devkitpro/devkitARM/lib/gcc/arm-none-eabi/15.2.0/../../../../arm-none-eabi/lib/thumb/libg.a(libc_a-exit.o)
                0x020013cc                exit
 EXCLUDE_FILE(*.twl.*) *(.text.startup .text.startup.*)
 .text.startup.main
                0x020013f0      0x1dc main.o
                0x020013f0                main
 EXCLUDE_FILE(*.twl.*) *(.text.hot .text.hot.*)
 EXCLUDE_FILE(*.twl.*) *(.text .iplt .stub .text.* .gnu.linkonce.t.*)
 .text.__do_global_dtors_aux
                0x020015cc       0x2c /opt/devkitpro/devkitARM/lib/gcc/arm-none-eabi/15.2.0/thumb/crtbegin.o
 .text.frame_dummy
                0x020015f8       0x24 /opt/devkitpro/devkitARM/lib/gcc/arm-none-eabi/15.2.0/thumb/crtbegin.o
 .iplt          0x0200161c        0x0 /opt/devkitpro/devkitARM/lib/gcc/arm-none-eabi/15.2.0/thumb/crtbegin.o
 .text.decode_utf8
                0x0200161c       0x60 main.o
                0x0200161c                decode_utf8
 .text.getWordWidth
                0x0200167c       0x80 main.o
                0x0200167c                getWordWidth
 .text.drawCharBook
                0x020016fc       0xd4 main.o
                0x020016fc                drawCharBook
 .text.renderDualScreen
                0x020017d0      0x128 main.o
                0x020017d0                renderDualScreen
 .text.scanFiles
                0x020018f8       0x98 main.o
                0x020018f8                scanFiles
 .text.updateMenu
                0x02001990       0x84 main.o
                0x02001990                updateMenu
 .text.initMenu
                0x02001a14       0x2c main.o
                0x02001a14                initMenu
 .text.fatInitDefault
                0x02001a40       0x20 /opt/devkitpro/libnds/lib/libfat.a(fat_wrappers.o)
                0x02001a40                fatInitDefault
 .text._dvmDiscCalicoDummy
                0x02001a60        0x4 /opt/devkitpro/libnds/lib/libfat.a(dvm_calico.o)
 .text._dvmDiscCalicoWriteSectors
                0x02001a64        0x8 /opt/devkitpro/libnds/lib/libfat.a(dvm_calico.o)
 .text._dvmDiscCalicoReadSectors
                0x02001a6c        0x8 /opt/devkitpro/libnds/lib/libfat.a(dvm_calico.o)
 .text._dvmIsAlignedAccess
                0x02001a74       0x30 /opt/devkitpro/libnds/lib/libfat.a(dvm_calico.o)
                0x02001a74                _dvmIsAlignedAccess
 .text._dvmCacheCopy
                0x02001aa4       0x14 /opt/devkitpro/libnds/lib/libfat.a(dvm_calico.o)
                0x02001aa4                _dvmCacheCopy
 .text.dvmInit  0x02001ab8      0x268 /opt/devkitpro/libnds/lib/libfat.a(dvm_calico.o)
                0x02001ab8                dvmInit
 .text.dvmDiscAddUser
                0x02001d20       0x10 /opt/devkitpro/libnds/lib/libfat.a(dvm_disc.o)
                0x02001d20                dvmDiscAddUser
 .text.dvmDiscRemoveUser
                0x02001d30       0x24 /opt/devkitpro/libnds/lib/libfat.a(dvm_disc.o)
                0x02001d30                dvmDiscRemoveUser
 .text._dvmDiscCacheReadWrite
                0x02001d54      0x408 /opt/devkitpro/libnds/lib/libfat.a(dvm_cache.o)
 .text._dvmDiscCacheWriteSectors
                0x0200215c       0x58 /opt/devkitpro/libnds/lib/libfat.a(dvm_cache.o)
 .text._dvmDiscCacheReadSectors
                0x020021b4       0x58 /opt/devkitpro/libnds/lib/libfat.a(dvm_cache.o)
 .text._dvmDiscCacheFlush
                0x0200220c       0xb0 /opt/devkitpro/libnds/lib/libfat.a(dvm_cache.o)
 .text._dvmDiscCacheDestroy
                0x020022bc       0x28 /opt/devkitpro/libnds/lib/libfat.a(dvm_cache.o)
 .text.dvmDiscCacheCreate
                0x020022e4      0x1ac /opt/devkitpro/libnds/lib/libfat.a(dvm_cache.o)
                0x020022e4                dvmDiscCacheCreate
 .text.dvmMountVolume
                0x02002490      0x188 /opt/devkitpro/libnds/lib/libfat.a(dvm_volume.o)
                0x02002490                dvmMountVolume
 .text._dvmSetAppWorkingDir
                0x02002618       0x74 /opt/devkitpro/libnds/lib/libfat.a(dvm_volume.o)
                0x02002618                _dvmSetAppWorkingDir
 .text._dvmIdentMbrVbr
                0x0200268c      0x1d8 /opt/devkitpro/libnds/lib/libfat.a(dvm_prober.o)
 .text.dvmReadPartitionTable
                0x02002864      0x238 /opt/devkitpro/libnds/lib/libfat.a(dvm_prober.o)
                0x02002864                dvmReadPartitionTable
 .text.dvmProbeMountDisc
                0x02002a9c       0xcc /opt/devkitpro/libnds/lib/libfat.a(dvm_prober.o)
                0x02002a9c                dvmProbeMountDisc
 .text._FAT_fstat_r
                0x02002b68       0xbc /opt/devkitpro/libnds/lib/libfat.a(fat_driver.o)
 .text._FAT_umount
                0x02002c24       0x1c /opt/devkitpro/libnds/lib/libfat.a(fat_driver.o)
 .text._FAT_mount
                0x02002c40       0x44 /opt/devkitpro/libnds/lib/libfat.a(fat_driver.o)
 .text._FAT_seek_r
                0x02002c84      0x13c /opt/devkitpro/libnds/lib/libfat.a(fat_driver.o)
 .text._FAT_set_stat
                0x02002dc0      0x104 /opt/devkitpro/libnds/lib/libfat.a(fat_driver.o)
 .text._FAT_mkdir_r
                0x02002ec4       0x64 /opt/devkitpro/libnds/lib/libfat.a(fat_driver.o)
 .text._FAT_chdir_r
                0x02002f28       0x64 /opt/devkitpro/libnds/lib/libfat.a(fat_driver.o)
 .text._FAT_unlink_r
                0x02002f8c       0x70 /opt/devkitpro/libnds/lib/libfat.a(fat_driver.o)
 .text._FAT_rmdir_r
                0x02002ffc       0x6c /opt/devkitpro/libnds/lib/libfat.a(fat_driver.o)
 .text._FAT_diropen_r
                0x02003068       0x7c /opt/devkitpro/libnds/lib/libfat.a(fat_driver.o)
 .text._FAT_fsync_r
                0x020030e4       0x64 /opt/devkitpro/libnds/lib/libfat.a(fat_driver.o)
 .text._FAT_close_r
                0x02003148       0x64 /opt/devkitpro/libnds/lib/libfat.a(fat_driver.o)
 .text._FAT_dirclose_r
                0x020031ac       0x64 /opt/devkitpro/libnds/lib/libfat.a(fat_driver.o)
 .text._FAT_dirreset_r
                0x02003210       0x6c /opt/devkitpro/libnds/lib/libfat.a(fat_driver.o)
 .text._FAT_rename_r
                0x0200327c       0x80 /opt/devkitpro/libnds/lib/libfat.a(fat_driver.o)
 .text._FAT_stat_r
                0x020032fc       0x94 /opt/devkitpro/libnds/lib/libfat.a(fat_driver.o)
 .text._FAT_read_r
                0x02003390       0x7c /opt/devkitpro/libnds/lib/libfat.a(fat_driver.o)
 .text._FAT_write_r
                0x0200340c       0x7c /opt/devkitpro/libnds/lib/libfat.a(fat_driver.o)
 .text._FAT_statvfs_r
                0x02003488       0xf4 /opt/devkitpro/libnds/lib/libfat.a(fat_driver.o)
 .text._FAT_ftruncate_r
                0x0200357c      0x190 /opt/devkitpro/libnds/lib/libfat.a(fat_driver.o)
 .text._FAT_dirnext_r
                0x0200370c      0x120 /opt/devkitpro/libnds/lib/libfat.a(fat_driver.o)
 .text._FAT_open_r
                0x0200382c      0x124 /opt/devkitpro/libnds/lib/libfat.a(fat_driver.o)
 .text.get_fattime
                0x02003950       0x64 /opt/devkitpro/libnds/lib/libfat.a(fat_driver.o)
                0x02003950                get_fattime
 .text.ff_mutex_create
                0x020039b4       0x18 /opt/devkitpro/libnds/lib/libfat.a(fat_driver.o)
                0x020039b4                ff_mutex_create
 .text.ff_mutex_delete
                0x020039cc        0x4 /opt/devkitpro/libnds/lib/libfat.a(fat_driver.o)
                0x020039cc                ff_mutex_delete
 .text.ff_mutex_take
                0x020039d0       0x14 /opt/devkitpro/libnds/lib/libfat.a(fat_driver.o)
                0x020039d0                ff_mutex_take
 .text.ff_mutex_give
                0x020039e4        0x8 /opt/devkitpro/libnds/lib/libfat.a(fat_driver.o)
                0x020039e4                ff_mutex_give
 .text.disk_initialize
                0x020039ec       0x24 /opt/devkitpro/libnds/lib/libfat.a(fat_driver.o)
                0x020039ec                disk_initialize
 .text.disk_status
                0x02003a10       0x24 /opt/devkitpro/libnds/lib/libfat.a(fat_driver.o)
                0x02003a10                disk_status
 .text.disk_read
                0x02003a34       0x2c /opt/devkitpro/libnds/lib/libfat.a(fat_driver.o)
                0x02003a34                disk_read
 .text.disk_write
                0x02003a60       0x2c /opt/devkitpro/libnds/lib/libfat.a(fat_driver.o)
                0x02003a60                disk_write
 .text.disk_ioctl
                0x02003a8c       0x38 /opt/devkitpro/libnds/lib/libfat.a(fat_driver.o)
                0x02003a8c                disk_ioctl
 .text.tchar2uni
                0x02003ac4       0xfc /opt/devkitpro/libnds/lib/libfat.a(ff.o)
 .text.sync_window
                0x02003bc0       0x90 /opt/devkitpro/libnds/lib/libfat.a(ff.o)
 .text.put_utf  0x02003c50      0x130 /opt/devkitpro/libnds/lib/libfat.a(ff.o)
 .text.dir_clear
                0x02003d80       0x9c /opt/devkitpro/libnds/lib/libfat.a(ff.o)
 .text.get_fileinfo
                0x02003e1c      0x28c /opt/devkitpro/libnds/lib/libfat.a(ff.o)
 .text.sync_fs  0x020040a8      0x180 /opt/devkitpro/libnds/lib/libfat.a(ff.o)
 .text.move_window
                0x02004228       0xc4 /opt/devkitpro/libnds/lib/libfat.a(ff.o)
 .text.put_fat.part.0
                0x020042ec      0x1dc /opt/devkitpro/libnds/lib/libfat.a(ff.o)
 .text.get_fat.isra.0
                0x020044c8      0x160 /opt/devkitpro/libnds/lib/libfat.a(ff.o)
 .text.remove_chain
                0x02004628       0xf4 /opt/devkitpro/libnds/lib/libfat.a(ff.o)
 .text.create_chain
                0x0200471c      0x21c /opt/devkitpro/libnds/lib/libfat.a(ff.o)
 .text.dir_next
                0x02004938      0x170 /opt/devkitpro/libnds/lib/libfat.a(ff.o)
 .text.dir_read
                0x02004aa8      0x248 /opt/devkitpro/libnds/lib/libfat.a(ff.o)
 .text.dir_sdi  0x02004cf0      0x128 /opt/devkitpro/libnds/lib/libfat.a(ff.o)
 .text.dir_alloc
                0x02004e18       0xcc /opt/devkitpro/libnds/lib/libfat.a(ff.o)
 .text.dir_remove
                0x02004ee4       0xc4 /opt/devkitpro/libnds/lib/libfat.a(ff.o)
 .text.dir_find
                0x02004fa8      0x2f8 /opt/devkitpro/libnds/lib/libfat.a(ff.o)
 .text.follow_path
                0x020052a0      0x590 /opt/devkitpro/libnds/lib/libfat.a(ff.o)
 .text.dir_register
                0x02005830      0x434 /opt/devkitpro/libnds/lib/libfat.a(ff.o)
 .text.check_fs
                0x02005c64      0x1ec /opt/devkitpro/libnds/lib/libfat.a(ff.o)
 .text.mount_volume.part.0
                0x02005e50      0x504 /opt/devkitpro/libnds/lib/libfat.a(ff.o)
 .text.validate
                0x02006354       0xbc /opt/devkitpro/libnds/lib/libfat.a(ff.o)
 .text.f_mount  0x02006410       0x6c /opt/devkitpro/libnds/lib/libfat.a(ff.o)
                0x02006410                f_mount
 .text.f_umount
                0x0200647c       0x38 /opt/devkitpro/libnds/lib/libfat.a(ff.o)
                0x0200647c                f_umount
 .text.f_open   0x020064b4      0x400 /opt/devkitpro/libnds/lib/libfat.a(ff.o)
                0x020064b4                f_open
 .text.f_read   0x020068b4      0x2a4 /opt/devkitpro/libnds/lib/libfat.a(ff.o)
                0x020068b4                f_read
 .text.f_write  0x02006b58      0x350 /opt/devkitpro/libnds/lib/libfat.a(ff.o)
                0x02006b58                f_write
 .text.f_sync   0x02006ea8      0x1a0 /opt/devkitpro/libnds/lib/libfat.a(ff.o)
                0x02006ea8                f_sync
 .text.f_close  0x02007048       0x58 /opt/devkitpro/libnds/lib/libfat.a(ff.o)
                0x02007048                f_close
 .text.f_chdir  0x020070a0       0xf0 /opt/devkitpro/libnds/lib/libfat.a(ff.o)
                0x020070a0                f_chdir
 .text.f_lseek  0x02007190      0x298 /opt/devkitpro/libnds/lib/libfat.a(ff.o)
                0x02007190                f_lseek
 .text.f_opendir
                0x02007428      0x12c /opt/devkitpro/libnds/lib/libfat.a(ff.o)
                0x02007428                f_opendir
 .text.f_closedir
                0x02007554       0xb0 /opt/devkitpro/libnds/lib/libfat.a(ff.o)
                0x02007554                f_closedir
 .text.f_readdir
                0x02007604       0xd0 /opt/devkitpro/libnds/lib/libfat.a(ff.o)
                0x02007604                f_readdir
 .text.f_stat   0x020076d4      0x104 /opt/devkitpro/libnds/lib/libfat.a(ff.o)
                0x020076d4                f_stat
 .text.f_getfree
                0x020077d8      0x184 /opt/devkitpro/libnds/lib/libfat.a(ff.o)
                0x020077d8                f_getfree
 .text.f_truncate
                0x0200795c      0x228 /opt/devkitpro/libnds/lib/libfat.a(ff.o)
                0x0200795c                f_truncate
 .text.f_unlink
                0x02007b84      0x1a4 /opt/devkitpro/libnds/lib/libfat.a(ff.o)
                0x02007b84                f_unlink
 .text.f_mkdir  0x02007d28      0x294 /opt/devkitpro/libnds/lib/libfat.a(ff.o)
                0x02007d28                f_mkdir
 .text.f_rename
                0x02007fbc      0x248 /opt/devkitpro/libnds/lib/libfat.a(ff.o)
                0x02007fbc                f_rename
 .text.ff_uni2oem
                0x02008204       0x78 /opt/devkitpro/libnds/lib/libfat.a(ffunicode.o)
                0x02008204                ff_uni2oem
 .text.ff_oem2uni
                0x0200827c       0x40 /opt/devkitpro/libnds/lib/libfat.a(ffunicode.o)
                0x0200827c                ff_oem2uni
 .text.ff_wtoupper
                0x020082bc      0x128 /opt/devkitpro/libnds/lib/libfat.a(ffunicode.o)
                0x020082bc                ff_wtoupper
 .text.newRow   0x020083e4       0xe8 /opt/devkitpro/libnds/lib/libnds9.a(console.o)
 .text.consolePrintChar
                0x020084cc       0xe0 /opt/devkitpro/libnds/lib/libnds9.a(console.o)
                0x020084cc                consolePrintChar
 .text.con_write
                0x020085ac      0x34c /opt/devkitpro/libnds/lib/libnds9.a(console.o)
                0x020085ac                con_write
 .text.consoleLoadFont
                0x020088f8      0x2e4 /opt/devkitpro/libnds/lib/libnds9.a(console.o)
                0x020088f8                consoleLoadFont
 .text.consoleInit
                0x02008bdc      0x170 /opt/devkitpro/libnds/lib/libnds9.a(console.o)
                0x02008bdc                consoleInit
 .text.consoleDemoInit
                0x02008d4c       0x40 /opt/devkitpro/libnds/lib/libnds9.a(console.o)
                0x02008d4c                consoleDemoInit
 .text.consoleClear
                0x02008d8c       0x10 /opt/devkitpro/libnds/lib/libnds9.a(console.o)
                0x02008d8c                consoleClear
 .text.scanKeys
                0x02008d9c       0x6c /opt/devkitpro/libnds/lib/libnds9.a(keys.o)
                0x02008d9c                scanKeys
 .text.keysDown
                0x02008e08       0x10 /opt/devkitpro/libnds/lib/libnds9.a(keys.o)
                0x02008e08                keysDown
 .text.powerOn  0x02008e18       0x18 /opt/devkitpro/libnds/lib/libnds9.a(system.o)
                0x02008e18                powerOn
 .text.checkIfText
                0x02008e30       0x6c /opt/devkitpro/libnds/lib/libnds9.a(background.o)
                0x02008e30                checkIfText
 .text.bgUpdate
                0x02008e9c       0xe8 /opt/devkitpro/libnds/lib/libnds9.a(background.o)
                0x02008e9c                bgUpdate
 .text.bgInit_call
                0x02008f84       0xa8 /opt/devkitpro/libnds/lib/libnds9.a(background.o)
                0x02008f84                bgInit_call
 .text.bgInitSub_call
                0x0200902c       0xb0 /opt/devkitpro/libnds/lib/libnds9.a(background.o)
                0x0200902c                bgInitSub_call
 .text.sinLutLookup
                0x020090dc       0x4c /opt/devkitpro/libnds/lib/libnds9.a(trig.o)
                0x020090dc                sinLutLookup
 .text.sinLerp  0x02009128       0x38 /opt/devkitpro/libnds/lib/libnds9.a(trig.o)
                0x02009128                sinLerp
 .text.cosLerp  0x02009160       0x44 /opt/devkitpro/libnds/lib/libnds9.a(trig.o)
                0x02009160                cosLerp
 .text._threadTickTask
                0x020091a4       0x10 /opt/devkitpro/calico/lib/libcalico_ds9.a(thread_cold.o)
 .text.threadExit
                0x020091b4       0xa0 /opt/devkitpro/calico/lib/libcalico_ds9.a(thread_cold.o)
                0x020091b4                threadExit
 .text._threadInit
                0x02009254       0x98 /opt/devkitpro/calico/lib/libcalico_ds9.a(thread_cold.o)
                0x02009254                _threadInit
 .text.threadPrepare
                0x020092ec      0x134 /opt/devkitpro/calico/lib/libcalico_ds9.a(thread_cold.o)
                0x020092ec                threadPrepare
 .text.threadStart
                0x02009420       0x94 /opt/devkitpro/calico/lib/libcalico_ds9.a(thread_cold.o)
                0x02009420                threadStart
 .text.threadIrqWait
                0x020094b4       0xa4 /opt/devkitpro/calico/lib/libcalico_ds9.a(thread_cold.o)
                0x020094b4                threadIrqWait
 .text.threadSleepTicks
                0x02009558       0x58 /opt/devkitpro/calico/lib/libcalico_ds9.a(thread_cold.o)
                0x02009558                threadSleepTicks
 .text.threadUpdateDynamicPrio
                0x020095b0      0x1d4 /opt/devkitpro/calico/lib/libcalico_ds9.a(mutex.o)
                0x020095b0                threadUpdateDynamicPrio
 .text.threadRemoveWaiter
                0x02009784      0x148 /opt/devkitpro/calico/lib/libcalico_ds9.a(mutex.o)
 .text.mutexLock
                0x020098cc      0x138 /opt/devkitpro/calico/lib/libcalico_ds9.a(mutex.o)
                0x020098cc                mutexLock
 .text.mutexUnlock
                0x02009a04       0xbc /opt/devkitpro/calico/lib/libcalico_ds9.a(mutex.o)
                0x02009a04                mutexUnlock
 .text.__syscall_getreent
                0x02009ac0       0x14 /opt/devkitpro/calico/lib/libcalico_ds9.a(newlib_syscalls.o)
                0x02009ac0                __syscall_getreent
 .text.__errno  0x02009ad4       0x24 /opt/devkitpro/calico/lib/libcalico_ds9.a(newlib_syscalls.o)
                0x02009ad4                __errno
 .text.__syscall_gettod_r
                0x02009af8       0x30 /opt/devkitpro/calico/lib/libcalico_ds9.a(newlib_syscalls.o)
                0x02009af8                __syscall_gettod_r
 .text.__syscall_lock_acquire
                0x02009b28        0x4 /opt/devkitpro/calico/lib/libcalico_ds9.a(newlib_syscalls.o)
                0x02009b28                __syscall_lock_acquire
 .text.__syscall_lock_release
                0x02009b2c        0x4 /opt/devkitpro/calico/lib/libcalico_ds9.a(newlib_syscalls.o)
                0x02009b2c                __syscall_lock_release
 .text.__syscall_lock_acquire_recursive
                0x02009b30       0x4c /opt/devkitpro/calico/lib/libcalico_ds9.a(newlib_syscalls.o)
                0x02009b30                __syscall_lock_acquire_recursive
 .text.__syscall_lock_release_recursive
                0x02009b7c       0x18 /opt/devkitpro/calico/lib/libcalico_ds9.a(newlib_syscalls.o)
                0x02009b7c                __syscall_lock_release_recursive
 .text._pxiMailboxHandler
                0x02009b94        0x4 /opt/devkitpro/calico/lib/libcalico_ds9.a(pxi.o)
 .text._pxiRecvUnhandled
                0x02009b98        0x4 /opt/devkitpro/calico/lib/libcalico_ds9.a(pxi.o)
                0x02009b98                _pxiRecvUnhandled
 .text._pxiRecvIrqHandler
                0x02009b9c      0x154 /opt/devkitpro/calico/lib/libcalico_ds9.a(pxi.o)
 .text._pxiInit
                0x02009cf0       0x58 /opt/devkitpro/calico/lib/libcalico_ds9.a(pxi.o)
                0x02009cf0                _pxiInit
 .text.pxiSetHandler
                0x02009d48       0x74 /opt/devkitpro/calico/lib/libcalico_ds9.a(pxi.o)
                0x02009d48                pxiSetHandler
 .text.pxiSetMailbox
                0x02009dbc       0x68 /opt/devkitpro/calico/lib/libcalico_ds9.a(pxi.o)
                0x02009dbc                pxiSetMailbox
 .text.pxiWaitRemote
                0x02009e24       0x38 /opt/devkitpro/calico/lib/libcalico_ds9.a(pxi.o)
                0x02009e24                pxiWaitRemote
 .text.pxiSendPacket
                0x02009e5c       0x50 /opt/devkitpro/calico/lib/libcalico_ds9.a(pxi.o)
                0x02009e5c                pxiSendPacket
 .text.pxiSendExtPacket
                0x02009eac       0x98 /opt/devkitpro/calico/lib/libcalico_ds9.a(pxi.o)
                0x02009eac                pxiSendExtPacket
 .text.pxiBeginReceive
                0x02009f44       0x2c /opt/devkitpro/calico/lib/libcalico_ds9.a(pxi.o)
                0x02009f44                pxiBeginReceive
 .text.pxiEndReceive
                0x02009f70       0xac /opt/devkitpro/calico/lib/libcalico_ds9.a(pxi.o)
                0x02009f70                pxiEndReceive
 .text.keypadGetState
                0x0200a01c       0x28 /opt/devkitpro/calico/lib/libcalico_ds9.a(keypad.o)
                0x0200a01c                keypadGetState
 .text.systemUserStartup
                0x0200a044        0x4 /opt/devkitpro/calico/lib/libcalico_ds9.a(sys_startup.o)
                0x0200a044                systemUserStartup
 .text.systemStartup
                0x0200a048      0x110 /opt/devkitpro/calico/lib/libcalico_ds9.a(sys_startup.o)
                0x0200a048                systemStartup
 .text.touchRead
                0x0200a158       0x58 /opt/devkitpro/calico/lib/libcalico_ds9.a(touch.o)
                0x0200a158                touchRead
 .text._blkDevReadWriteSectors
                0x0200a1b0       0x44 /opt/devkitpro/calico/lib/libcalico_ds9.a(blk.o)
 .text.blkInit  0x0200a1f4        0x8 /opt/devkitpro/calico/lib/libcalico_ds9.a(blk.o)
                0x0200a1f4                blkInit
 .text.blkDevIsPresent
                0x0200a1fc       0x30 /opt/devkitpro/calico/lib/libcalico_ds9.a(blk.o)
                0x0200a1fc                blkDevIsPresent
 .text.blkDevInit
                0x0200a22c       0x30 /opt/devkitpro/calico/lib/libcalico_ds9.a(blk.o)
                0x0200a22c                blkDevInit
 .text.blkDevGetSectorCount
                0x0200a25c       0x34 /opt/devkitpro/calico/lib/libcalico_ds9.a(blk.o)
                0x0200a25c                blkDevGetSectorCount
 .text.blkDevReadSectors
                0x0200a290       0x5c /opt/devkitpro/calico/lib/libcalico_ds9.a(blk.o)
                0x0200a290                blkDevReadSectors
 .text.blkDevWriteSectors
                0x0200a2ec       0x5c /opt/devkitpro/calico/lib/libcalico_ds9.a(blk.o)
                0x0200a2ec                blkDevWriteSectors
 .text.irqSet   0x0200a348       0x64 /opt/devkitpro/calico/lib/libcalico_ds9.a(irq.o)
                0x0200a348                irqSet
 .text._tickCountIsr
                0x0200a3ac       0x1c /opt/devkitpro/calico/lib/libcalico_ds9.a(tick.o)
 .text._tickTaskSchedule.part.0.isra.0
                0x0200a3c8       0x84 /opt/devkitpro/calico/lib/libcalico_ds9.a(tick.o)
 .text.tickInit
                0x0200a44c       0xa0 /opt/devkitpro/calico/lib/libcalico_ds9.a(tick.o)
                0x0200a44c                tickInit
 .text.tickGetCount
                0x0200a4ec       0x5c /opt/devkitpro/calico/lib/libcalico_ds9.a(tick.o)
                0x0200a4ec                tickGetCount
 .text._tickTaskIsr
                0x0200a548      0x110 /opt/devkitpro/calico/lib/libcalico_ds9.a(tick.o)
 .text.tickTaskStart
                0x0200a658      0x144 /opt/devkitpro/calico/lib/libcalico_ds9.a(tick.o)
                0x0200a658                tickTaskStart
 .text.mailboxTrySend
                0x0200a79c       0x98 /opt/devkitpro/calico/lib/libcalico_ds9.a(mailbox.o)
                0x0200a79c                mailboxTrySend
 .text.mailboxRecv
                0x0200a834       0x98 /opt/devkitpro/calico/lib/libcalico_ds9.a(mailbox.o)
                0x0200a834                mailboxRecv
 .text._pmCallEventHandlers
                0x0200a8cc       0x40 /opt/devkitpro/calico/lib/libcalico_ds9.a(pm.o)
 .text._pmPxiThreadMain
                0x0200a90c       0x9c /opt/devkitpro/calico/lib/libcalico_ds9.a(pm.o)
 .text._pmResetPxiHandler
                0x0200a9a8       0x28 /opt/devkitpro/calico/lib/libcalico_ds9.a(pm.o)
 .text.systemUserExit
                0x0200a9d0        0x4 /opt/devkitpro/calico/lib/libcalico_ds9.a(pm.o)
                0x0200a9d0                systemUserExit
 .text.systemErrorExit
                0x0200a9d4        0x4 /opt/devkitpro/calico/lib/libcalico_ds9.a(pm.o)
                0x0200a9d4                systemErrorExit
 .text.__syscall_exit
                0x0200a9d8      0x138 /opt/devkitpro/calico/lib/libcalico_ds9.a(pm.o)
                0x0200a9d8                __syscall_exit
 .text.pmInit   0x0200ab10       0x58 /opt/devkitpro/calico/lib/libcalico_ds9.a(pm.o)
                0x0200ab10                pmInit
 .text          0x0200ab68      0x11c /opt/devkitpro/devkitARM/lib/gcc/arm-none-eabi/15.2.0/thumb/libgcc.a(_udivsi3.o)
                0x0200ab68                __udivsi3
                0x0200ab68                __aeabi_uidiv
                0x0200ac64                __aeabi_uidivmod
 .text          0x0200ac84      0x150 /opt/devkitpro/devkitARM/lib/gcc/arm-none-eabi/15.2.0/thumb/libgcc.a(_divsi3.o)
                0x0200ac84                __aeabi_idiv
                0x0200ac84                __divsi3
                0x0200adb4                __aeabi_idivmod
 .text          0x0200add4        0x4 /opt/devkitpro/devkitARM/lib/gcc/arm-none-eabi/15.2.0/thumb/libgcc.a(_dvmd_tls.o)
                0x0200add4                __aeabi_ldiv0
                0x0200add4                __aeabi_idiv0
 .text          0x0200add8       0xd4 /opt/devkitpro/devkitARM/lib/gcc/arm-none-eabi/15.2.0/thumb/libgcc.a(_aeabi_ldivmod.o)
                0x0200add8                __aeabi_ldivmod
 .text          0x0200aeac       0x3c /opt/devkitpro/devkitARM/lib/gcc/arm-none-eabi/15.2.0/thumb/libgcc.a(_aeabi_uldivmod.o)
                0x0200aeac                __aeabi_uldivmod
 .text.__udivmoddi4
                0x0200aee8      0x194 /opt/devkitpro/devkitARM/lib/gcc/arm-none-eabi/15.2.0/thumb/libgcc.a(_udivmoddi4.o)
                0x0200aee8                __udivmoddi4
 .text          0x0200b07c       0x28 /opt/devkitpro/devkitARM/lib/gcc/arm-none-eabi/15.2.0/thumb/libgcc.a(_clzdi2.o)
                0x0200b07c                __clzdi2
 .text          0x0200b0a4       0x48 /opt/devkitpro/devkitARM/lib/gcc/arm-none-eabi/15.2.0/thumb/libgcc.a(_clzsi2.o)
                0x0200b0a4                __clzsi2
 .text.ftell    0x0200b0ec       0x24 /opt/devkitpro/devkitARM/lib/gcc/arm-none-eabi/15.2.0/../../../../arm-none-eabi/lib/thumb/libg.a(libc_a-ftell.o)
                0x0200b0ec                ftell
 .text.critical_factorization
                0x0200b110       0xcc /opt/devkitpro/devkitARM/lib/gcc/arm-none-eabi/15.2.0/../../../../arm-none-eabi/lib/thumb/libg.a(libc_a-strstr.o)
 .text.two_way_long_needle
                0x0200b1dc      0x204 /opt/devkitpro/devkitARM/lib/gcc/arm-none-eabi/15.2.0/../../../../arm-none-eabi/lib/thumb/libg.a(libc_a-strstr.o)
 .text.strstr   0x0200b3e0      0x1ac /opt/devkitpro/devkitARM/lib/gcc/arm-none-eabi/15.2.0/../../../../arm-none-eabi/lib/thumb/libg.a(libc_a-strstr.o)
                0x0200b3e0                strstr
 .text.memcpy   0x0200b58c       0xac /opt/devkitpro/devkitARM/lib/gcc/arm-none-eabi/15.2.0/../../../../arm-none-eabi/lib/thumb/libg.a(libc_a-memcpy-stub.o)
                0x0200b58c                memcpy
 .text.strlen   0x0200b638       0x60 /opt/devkitpro/devkitARM/lib/gcc/arm-none-eabi/15.2.0/../../../../arm-none-eabi/lib/thumb/libg.a(libc_a-strlen.o)
                0x0200b638                strlen
 .text._fread_r
                0x0200b698      0x228 /opt/devkitpro/devkitARM/lib/gcc/arm-none-eabi/15.2.0/../../../../arm-none-eabi/lib/thumb/libg.a(libc_a-fread.o)
                0x0200b698                _fread_r
 .text.fread    0x0200b8c0       0x24 /opt/devkitpro/devkitARM/lib/gcc/arm-none-eabi/15.2.0/../../../../arm-none-eabi/lib/thumb/libg.a(libc_a-fread.o)
                0x0200b8c0                fread
 .text._fopen_r
                0x0200b8e4       0xb4 /opt/devkitpro/devkitARM/lib/gcc/arm-none-eabi/15.2.0/../../../../arm-none-eabi/lib/thumb/libg.a(libc_a-fopen.o)
                0x0200b8e4                _fopen_r
 .text.fopen    0x0200b998       0x18 /opt/devkitpro/devkitARM/lib/gcc/arm-none-eabi/15.2.0/../../../../arm-none-eabi/lib/thumb/libg.a(libc_a-fopen.o)
                0x0200b998                fopen
 .text.snprintf
                0x0200b9b0       0x64 /opt/devkitpro/devkitARM/lib/gcc/arm-none-eabi/15.2.0/../../../../arm-none-eabi/lib/thumb/libg.a(libc_a-snprintf.o)
                0x0200b9b0                snprintf
 .text.printf   0x0200ba14       0x28 /opt/devkitpro/devkitARM/lib/gcc/arm-none-eabi/15.2.0/../../../../arm-none-eabi/lib/thumb/libg.a(libc_a-printf.o)
                0x0200ba14                printf
 .text.strchr   0x0200ba3c       0xbc /opt/devkitpro/devkitARM/lib/gcc/arm-none-eabi/15.2.0/../../../../arm-none-eabi/lib/thumb/libg.a(libc_a-strchr.o)
                0x0200ba3c                strchr
 .text.memcmp   0x0200baf8       0x48 /opt/devkitpro/devkitARM/lib/gcc/arm-none-eabi/15.2.0/../../../../arm-none-eabi/lib/thumb/libg.a(libc_a-memcmp.o)
                0x0200baf8                memcmp
 .text.calloc   0x0200bb40       0x18 /opt/devkitpro/devkitARM/lib/gcc/arm-none-eabi/15.2.0/../../../../arm-none-eabi/lib/thumb/libg.a(libc_a-calloc.o)
                0x0200bb40                calloc
 .text.aligned_alloc
                0x0200bb58       0x18 /opt/devkitpro/devkitARM/lib/gcc/arm-none-eabi/15.2.0/../../../../arm-none-eabi/lib/thumb/libg.a(libc_a-aligned_alloc.o)
                0x0200bb58                aligned_alloc
 .text.validate_structure
                0x0200bb70      0x1f8 /opt/devkitpro/devkitARM/lib/gcc/arm-none-eabi/15.2.0/../../../../arm-none-eabi/lib/thumb/libg.a(libc_a-mktime.o)
 .text.mktime   0x0200bd68      0x434 /opt/devkitpro/devkitARM/lib/gcc/arm-none-eabi/15.2.0/../../../../arm-none-eabi/lib/thumb/libg.a(libc_a-mktime.o)
                0x0200bd68                mktime
 .text._memalign_r
                0x0200c19c      0x118 /opt/devkitpro/devkitARM/lib/gcc/arm-none-eabi/15.2.0/../../../../arm-none-eabi/lib/thumb/libg.a(libc_a-malignr.o)
                0x0200c19c                _memalign_r
 .text.__smakebuf_r
                0x0200c2b4       0xe0 /opt/devkitpro/devkitARM/lib/gcc/arm-none-eabi/15.2.0/../../../../arm-none-eabi/lib/thumb/libg.a(libc_a-makebuf.o)
                0x0200c2b4                __smakebuf_r
 .text.__swhatbuf_r
                0x0200c394       0x5c /opt/devkitpro/devkitARM/lib/gcc/arm-none-eabi/15.2.0/../../../../arm-none-eabi/lib/thumb/libg.a(libc_a-makebuf.o)
                0x0200c394                __swhatbuf_r
 .text.memset   0x0200c3f0       0x8c /opt/devkitpro/devkitARM/lib/gcc/arm-none-eabi/15.2.0/../../../../arm-none-eabi/lib/thumb/libg.a(libc_a-memset.o)
                0x0200c3f0                memset
 .text._calloc_r
                0x0200c47c       0xcc /opt/devkitpro/devkitARM/lib/gcc/arm-none-eabi/15.2.0/../../../../arm-none-eabi/lib/thumb/libg.a(libc_a-callocr.o)
                0x0200c47c                _calloc_r
 .text.localtime_r
                0x0200c548      0x228 /opt/devkitpro/devkitARM/lib/gcc/arm-none-eabi/15.2.0/../../../../arm-none-eabi/lib/thumb/libg.a(libc_a-lcltime_r.o)
                0x0200c548                localtime_r
 .text._ftello_r
                0x0200c770      0x124 /opt/devkitpro/devkitARM/lib/gcc/arm-none-eabi/15.2.0/../../../../arm-none-eabi/lib/thumb/libg.a(libc_a-ftello.o)
                0x0200c770                _ftello_r
 .text.__tzcalc_limits
                0x0200c894      0x1ac /opt/devkitpro/devkitARM/lib/gcc/arm-none-eabi/15.2.0/../../../../arm-none-eabi/lib/thumb/libg.a(libc_a-tzcalc_limits.o)
                0x0200c894                __tzcalc_limits
 .text._malloc_r
                0x0200ca40      0x550 /opt/devkitpro/devkitARM/lib/gcc/arm-none-eabi/15.2.0/../../../../arm-none-eabi/lib/thumb/libg.a(libc_a-mallocr.o)
                0x0200ca40                _malloc_r
 .text          0x0200cf90      0x224 /opt/devkitpro/devkitARM/lib/gcc/arm-none-eabi/15.2.0/../../../../arm-none-eabi/lib/thumb/libg.a(libc_a-strcmp.o)
                0x0200cf90                strcmp
 .text._malloc_trim_r
                0x0200d1b4       0xac /opt/devkitpro/devkitARM/lib/gcc/arm-none-eabi/15.2.0/../../../../arm-none-eabi/lib/thumb/libg.a(libc_a-freer.o)
                0x0200d1b4                _malloc_trim_r
 .text._free_r  0x0200d260      0x1d8 /opt/devkitpro/devkitARM/lib/gcc/arm-none-eabi/15.2.0/../../../../arm-none-eabi/lib/thumb/libg.a(libc_a-freer.o)
                0x0200d260                _free_r
 .text.setvbuf  0x0200d438      0x1ac /opt/devkitpro/devkitARM/lib/gcc/arm-none-eabi/15.2.0/../../../../arm-none-eabi/lib/thumb/libg.a(libc_a-setvbuf.o)
                0x0200d438                setvbuf
 .text.stdio_exit_handler
                0x0200d5e4       0x20 /opt/devkitpro/devkitARM/lib/gcc/arm-none-eabi/15.2.0/../../../../arm-none-eabi/lib/thumb/libg.a(libc_a-findfp.o)
 .text.cleanup_stdio
                0x0200d604       0x40 /opt/devkitpro/devkitARM/lib/gcc/arm-none-eabi/15.2.0/../../../../arm-none-eabi/lib/thumb/libg.a(libc_a-findfp.o)
 .text.global_stdio_init.part.0
                0x0200d644      0x120 /opt/devkitpro/devkitARM/lib/gcc/arm-none-eabi/15.2.0/../../../../arm-none-eabi/lib/thumb/libg.a(libc_a-findfp.o)
 .text.__sfp    0x0200d764       0xcc /opt/devkitpro/devkitARM/lib/gcc/arm-none-eabi/15.2.0/../../../../arm-none-eabi/lib/thumb/libg.a(libc_a-findfp.o)
                0x0200d764                __sfp
 .text.__sinit  0x0200d830       0x3c /opt/devkitpro/devkitARM/lib/gcc/arm-none-eabi/15.2.0/../../../../arm-none-eabi/lib/thumb/libg.a(libc_a-findfp.o)
                0x0200d830                __sinit
 .text.__sfp_lock_acquire
                0x0200d86c       0x14 /opt/devkitpro/devkitARM/lib/gcc/arm-none-eabi/15.2.0/../../../../arm-none-eabi/lib/thumb/libg.a(libc_a-findfp.o)
                0x0200d86c                __sfp_lock_acquire
 .text.__sfp_lock_release
                0x0200d880       0x14 /opt/devkitpro/devkitARM/lib/gcc/arm-none-eabi/15.2.0/../../../../arm-none-eabi/lib/thumb/libg.a(libc_a-findfp.o)
                0x0200d880                __sfp_lock_release
 .text.__libc_init_array
                0x0200d894       0x54 /opt/devkitpro/devkitARM/lib/gcc/arm-none-eabi/15.2.0/../../../../arm-none-eabi/lib/thumb/libg.a(libc_a-init.o)
                0x0200d894                __libc_init_array
 .text._fseek_r
                0x0200d8e8       0x14 /opt/devkitpro/devkitARM/lib/gcc/arm-none-eabi/15.2.0/../../../../arm-none-eabi/lib/thumb/libg.a(libc_a-fseek.o)
                0x0200d8e8                _fseek_r
 .text.fseek    0x0200d8fc       0x24 /opt/devkitpro/devkitARM/lib/gcc/arm-none-eabi/15.2.0/../../../../arm-none-eabi/lib/thumb/libg.a(libc_a-fseek.o)
                0x0200d8fc                fseek
 .text._tzset_unlocked
                0x0200d920       0x10 /opt/devkitpro/devkitARM/lib/gcc/arm-none-eabi/15.2.0/../../../../arm-none-eabi/lib/thumb/libg.a(libc_a-tzset.o)
                0x0200d920                _tzset_unlocked
 .text.malloc   0x0200d930       0x28 /opt/devkitpro/devkitARM/lib/gcc/arm-none-eabi/15.2.0/../../../../arm-none-eabi/lib/thumb/libg.a(libc_a-malloc.o)
                0x0200d930                malloc
 .text.free     0x0200d958       0x14 /opt/devkitpro/devkitARM/lib/gcc/arm-none-eabi/15.2.0/../../../../arm-none-eabi/lib/thumb/libg.a(libc_a-malloc.o)
                0x0200d958                free
 .text.siscanf  0x0200d96c       0x50 /opt/devkitpro/devkitARM/lib/gcc/arm-none-eabi/15.2.0/../../../../arm-none-eabi/lib/thumb/libg.a(libc_a-siscanf.o)
                0x0200d96c                siscanf
 .text.strrchr  0x0200d9bc       0x30 /opt/devkitpro/devkitARM/lib/gcc/arm-none-eabi/15.2.0/../../../../arm-none-eabi/lib/thumb/libg.a(libc_a-strrchr.o)
                0x0200d9bc                strrchr
 .text._puts_r  0x0200d9ec       0x88 /opt/devkitpro/devkitARM/lib/gcc/arm-none-eabi/15.2.0/../../../../arm-none-eabi/lib/thumb/libg.a(libc_a-puts.o)
                0x0200d9ec                _puts_r
 .text.puts     0x0200da74       0x14 /opt/devkitpro/devkitARM/lib/gcc/arm-none-eabi/15.2.0/../../../../arm-none-eabi/lib/thumb/libg.a(libc_a-puts.o)
                0x0200da74                puts
 .text.__gettzinfo
                0x0200da88        0x8 /opt/devkitpro/devkitARM/lib/gcc/arm-none-eabi/15.2.0/../../../../arm-none-eabi/lib/thumb/libg.a(libc_a-gettzinfo.o)
                0x0200da88                __gettzinfo
 .text.__sread  0x0200da90       0x34 /opt/devkitpro/devkitARM/lib/gcc/arm-none-eabi/15.2.0/../../../../arm-none-eabi/lib/thumb/libg.a(libc_a-stdio.o)
                0x0200da90                __sread
 .text.__seofread
                0x0200dac4        0x4 /opt/devkitpro/devkitARM/lib/gcc/arm-none-eabi/15.2.0/../../../../arm-none-eabi/lib/thumb/libg.a(libc_a-stdio.o)
                0x0200dac4                __seofread
 .text.__swrite
                0x0200dac8       0x4c /opt/devkitpro/devkitARM/lib/gcc/arm-none-eabi/15.2.0/../../../../arm-none-eabi/lib/thumb/libg.a(libc_a-stdio.o)
                0x0200dac8                __swrite
 .text.__sseek  0x0200db14       0x3c /opt/devkitpro/devkitARM/lib/gcc/arm-none-eabi/15.2.0/../../../../arm-none-eabi/lib/thumb/libg.a(libc_a-stdio.o)
                0x0200db14                __sseek
 .text.__sclose
                0x0200db50       0x10 /opt/devkitpro/devkitARM/lib/gcc/arm-none-eabi/15.2.0/../../../../arm-none-eabi/lib/thumb/libg.a(libc_a-stdio.o)
                0x0200db50                __sclose
 .text.iprintf  0x0200db60       0x28 /opt/devkitpro/devkitARM/lib/gcc/arm-none-eabi/15.2.0/../../../../arm-none-eabi/lib/thumb/libg.a(libc_a-iprintf.o)
                0x0200db60                iprintf
 .text.__malloc_lock
                0x0200db88       0x14 /opt/devkitpro/devkitARM/lib/gcc/arm-none-eabi/15.2.0/../../../../arm-none-eabi/lib/thumb/libg.a(libc_a-mlock.o)
                0x0200db88                __malloc_lock
 .text.__malloc_unlock
                0x0200db9c       0x14 /opt/devkitpro/devkitARM/lib/gcc/arm-none-eabi/15.2.0/../../../../arm-none-eabi/lib/thumb/libg.a(libc_a-mlock.o)
                0x0200db9c                __malloc_unlock
 .text._fseeko_r
                0x0200dbb0      0x414 /opt/devkitpro/devkitARM/lib/gcc/arm-none-eabi/15.2.0/../../../../arm-none-eabi/lib/thumb/libg.a(libc_a-fseeko.o)
                0x0200dbb0                _fseeko_r
 .text._fclose_r
                0x0200dfc4       0xe0 /opt/devkitpro/devkitARM/lib/gcc/arm-none-eabi/15.2.0/../../../../arm-none-eabi/lib/thumb/libg.a(libc_a-fclose.o)
                0x0200dfc4                _fclose_r
 .text.fclose   0x0200e0a4       0x14 /opt/devkitpro/devkitARM/lib/gcc/arm-none-eabi/15.2.0/../../../../arm-none-eabi/lib/thumb/libg.a(libc_a-fclose.o)
                0x0200e0a4                fclose
 .text.time     0x0200e0b8       0x38 /opt/devkitpro/devkitARM/lib/gcc/arm-none-eabi/15.2.0/../../../../arm-none-eabi/lib/thumb/libg.a(libc_a-time.o)
                0x0200e0b8                time
 .text.__call_exitprocs
                0x0200e0f0        0xc /opt/devkitpro/devkitARM/lib/gcc/arm-none-eabi/15.2.0/../../../../arm-none-eabi/lib/thumb/libg.a(libc_a-exit.o)
                0x0200e0f0                __call_exitprocs
 .text.get_arg  0x0200e0fc      0x404 /opt/devkitpro/devkitARM/lib/gcc/arm-none-eabi/15.2.0/../../../../arm-none-eabi/lib/thumb/libg.a(libc_a-svfprintf.o)
 .text._svfprintf_r
                0x0200e500     0x22e0 /opt/devkitpro/devkitARM/lib/gcc/arm-none-eabi/15.2.0/../../../../arm-none-eabi/lib/thumb/libg.a(libc_a-svfprintf.o)
                0x0200e500                _svfprintf_r
 .text.__sflags
                0x020107e0       0x98 /opt/devkitpro/devkitARM/lib/gcc/arm-none-eabi/15.2.0/../../../../arm-none-eabi/lib/thumb/libg.a(libc_a-flags.o)
                0x020107e0                __sflags
 .text.__libc_fini_array
                0x02010878       0x30 /opt/devkitpro/devkitARM/lib/gcc/arm-none-eabi/15.2.0/../../../../arm-none-eabi/lib/thumb/libg.a(libc_a-fini.o)
                0x02010878                __libc_fini_array
 .text.strnlen  0x020108a8       0x20 /opt/devkitpro/devkitARM/lib/gcc/arm-none-eabi/15.2.0/../../../../arm-none-eabi/lib/thumb/libg.a(libc_a-strnlen.o)
                0x020108a8                strnlen
 .text.gmtime_r
                0x020108c8      0x1b4 /opt/devkitpro/devkitARM/lib/gcc/arm-none-eabi/15.2.0/../../../../arm-none-eabi/lib/thumb/libg.a(libc_a-gmtime_r.o)
                0x020108c8                gmtime_r
 .text.rewind   0x02010a7c       0x20 /opt/devkitpro/devkitARM/lib/gcc/arm-none-eabi/15.2.0/../../../../arm-none-eabi/lib/thumb/libg.a(libc_a-rewind.o)
                0x02010a7c                rewind
 .text.get_arg  0x02010a9c      0x404 /opt/devkitpro/devkitARM/lib/gcc/arm-none-eabi/15.2.0/../../../../arm-none-eabi/lib/thumb/libg.a(libc_a-vfiprintf.o)
 .text._vfiprintf_r
                0x02010ea0     0x16d8 /opt/devkitpro/devkitARM/lib/gcc/arm-none-eabi/15.2.0/../../../../arm-none-eabi/lib/thumb/libg.a(libc_a-vfiprintf.o)
                0x02010ea0                _vfiprintf_r
 .text.__sbprintf
                0x02012578       0x7c /opt/devkitpro/devkitARM/lib/gcc/arm-none-eabi/15.2.0/../../../../arm-none-eabi/lib/thumb/libg.a(libc_a-vfiprintf.o)
 .text._tzset_unlocked_r
                0x020125f4      0x490 /opt/devkitpro/devkitARM/lib/gcc/arm-none-eabi/15.2.0/../../../../arm-none-eabi/lib/thumb/libg.a(libc_a-tzset_r.o)
                0x020125f4                _tzset_unlocked_r
 .text.lflush   0x02012a84       0x24 /opt/devkitpro/devkitARM/lib/gcc/arm-none-eabi/15.2.0/../../../../arm-none-eabi/lib/thumb/libg.a(libc_a-refill.o)
 .text.__srefill_r
                0x02012aa8      0x108 /opt/devkitpro/devkitARM/lib/gcc/arm-none-eabi/15.2.0/../../../../arm-none-eabi/lib/thumb/libg.a(libc_a-refill.o)
                0x02012aa8                __srefill_r
 .text.frexp    0x02012bb0       0x74 /opt/devkitpro/devkitARM/lib/gcc/arm-none-eabi/15.2.0/../../../../arm-none-eabi/lib/thumb/libg.a(libm_a-s_frexp.o)
                0x02012bb0                frexp
 .text._fwalk_sglue
                0x02012c24       0x4c /opt/devkitpro/devkitARM/lib/gcc/arm-none-eabi/15.2.0/../../../../arm-none-eabi/lib/thumb/libg.a(libc_a-fwalk.o)
                0x02012c24                _fwalk_sglue
 .text.get_arg  0x02012c70      0x404 /opt/devkitpro/devkitARM/lib/gcc/arm-none-eabi/15.2.0/../../../../arm-none-eabi/lib/thumb/libg.a(libc_a-vfprintf.o)
 .text._vfprintf_r
                0x02013074     0x2394 /opt/devkitpro/devkitARM/lib/gcc/arm-none-eabi/15.2.0/../../../../arm-none-eabi/lib/thumb/libg.a(libc_a-vfprintf.o)
                0x02013074                _vfprintf_r
 .text.__sbprintf
                0x02015408       0x7c /opt/devkitpro/devkitARM/lib/gcc/arm-none-eabi/15.2.0/../../../../arm-none-eabi/lib/thumb/libg.a(libc_a-vfprintf.o)
 .text.div      0x02015484       0x18 /opt/devkitpro/devkitARM/lib/gcc/arm-none-eabi/15.2.0/../../../../arm-none-eabi/lib/thumb/libg.a(libc_a-div.o)
                0x02015484                div
 .text._wcrtomb_r
                0x0201549c       0x88 /opt/devkitpro/devkitARM/lib/gcc/arm-none-eabi/15.2.0/../../../../arm-none-eabi/lib/thumb/libg.a(libc_a-wcrtomb.o)
                0x0201549c                _wcrtomb_r
 .text._strtoul_l.isra.0
                0x02015524      0x150 /opt/devkitpro/devkitARM/lib/gcc/arm-none-eabi/15.2.0/../../../../arm-none-eabi/lib/thumb/libg.a(libc_a-strtoul.o)
 .text._strtoul_r
                0x02015674       0x20 /opt/devkitpro/devkitARM/lib/gcc/arm-none-eabi/15.2.0/../../../../arm-none-eabi/lib/thumb/libg.a(libc_a-strtoul.o)
                0x02015674                _strtoul_r
 .text.strtoul  0x02015694       0x24 /opt/devkitpro/devkitARM/lib/gcc/arm-none-eabi/15.2.0/../../../../arm-none-eabi/lib/thumb/libg.a(libc_a-strtoul.o)
                0x02015694                strtoul
 .text.__ssprint_r
                0x020156b8       0x60 /opt/devkitpro/devkitARM/lib/gcc/arm-none-eabi/15.2.0/../../../../arm-none-eabi/lib/thumb/libg.a(libc_a-ssprint_r.o)
                0x020156b8                __ssprint_r
 .text.__sfvwrite_r
                0x02015718      0x31c /opt/devkitpro/devkitARM/lib/gcc/arm-none-eabi/15.2.0/../../../../arm-none-eabi/lib/thumb/libg.a(libc_a-fvwrite.o)
                0x02015718                __sfvwrite_r
 .text.__tz_lock
                0x02015a34       0x14 /opt/devkitpro/devkitARM/lib/gcc/arm-none-eabi/15.2.0/../../../../arm-none-eabi/lib/thumb/libg.a(libc_a-tzlock.o)
                0x02015a34                __tz_lock
 .text.__tz_unlock
                0x02015a48       0x14 /opt/devkitpro/devkitARM/lib/gcc/arm-none-eabi/15.2.0/../../../../arm-none-eabi/lib/thumb/libg.a(libc_a-tzlock.o)
                0x02015a48                __tz_unlock
 .text.strcpy   0x02015a5c       0x10 /opt/devkitpro/devkitARM/lib/gcc/arm-none-eabi/15.2.0/../../../../arm-none-eabi/lib/thumb/libg.a(libc_a-strcpy.o)
                0x02015a5c                strcpy
 .text.__locale_mb_cur_max
                0x02015a6c       0x20 /opt/devkitpro/devkitARM/lib/gcc/arm-none-eabi/15.2.0/../../../../arm-none-eabi/lib/thumb/libg.a(libc_a-locale.o)
                0x02015a6c                __locale_mb_cur_max
 .text.__sflush_r
                0x02015a8c      0x180 /opt/devkitpro/devkitARM/lib/gcc/arm-none-eabi/15.2.0/../../../../arm-none-eabi/lib/thumb/libg.a(libc_a-fflush.o)
                0x02015a8c                __sflush_r
 .text._fflush_r
                0x02015c0c       0x70 /opt/devkitpro/devkitARM/lib/gcc/arm-none-eabi/15.2.0/../../../../arm-none-eabi/lib/thumb/libg.a(libc_a-fflush.o)
                0x02015c0c                _fflush_r
 .text.__sprint_r
                0x02015c7c       0x24 /opt/devkitpro/devkitARM/lib/gcc/arm-none-eabi/15.2.0/../../../../arm-none-eabi/lib/thumb/libg.a(libc_a-sprint_r.o)
                0x02015c7c                __sprint_r
 .text.quorem   0x02015ca0      0x160 /opt/devkitpro/devkitARM/lib/gcc/arm-none-eabi/15.2.0/../../../../arm-none-eabi/lib/thumb/libg.a(libc_a-dtoa.o)
 .text._dtoa_r  0x02015e00     0x10a0 /opt/devkitpro/devkitARM/lib/gcc/arm-none-eabi/15.2.0/../../../../arm-none-eabi/lib/thumb/libg.a(libc_a-dtoa.o)
                0x02015e00                _dtoa_r
 .text.get_arg  0x02016ea0       0x3e /opt/devkitpro/devkitARM/lib/gcc/arm-none-eabi/15.2.0/../../../../arm-none-eabi/lib/thumb/libg.a(libc_a-svfiscanf.o)
 .text._sungetc_r
                0x02016ede       0x7e /opt/devkitpro/devkitARM/lib/gcc/arm-none-eabi/15.2.0/../../../../arm-none-eabi/lib/thumb/libg.a(libc_a-svfiscanf.o)
                0x02016ede                _sungetc_r
 .text.__ssrefill_r
                0x02016f5c       0x42 /opt/devkitpro/devkitARM/lib/gcc/arm-none-eabi/15.2.0/../../../../arm-none-eabi/lib/thumb/libg.a(libc_a-svfiscanf.o)
                0x02016f5c                __ssrefill_r
 .text._sfread_r
                0x02016f9e       0x88 /opt/devkitpro/devkitARM/lib/gcc/arm-none-eabi/15.2.0/../../../../arm-none-eabi/lib/thumb/libg.a(libc_a-svfiscanf.o)
                0x02016f9e                _sfread_r
 *fill*         0x02017026        0x2 ff
 .text.__ssvfiscanf_r
                0x02017028     0x19d8 /opt/devkitpro/devkitARM/lib/gcc/arm-none-eabi/15.2.0/../../../../arm-none-eabi/lib/thumb/libg.a(libc_a-svfiscanf.o)
                0x02017028                __ssvfiscanf_r
 .text._strtol_l.part.0
                0x02018a00      0x25c /opt/devkitpro/devkitARM/lib/gcc/arm-none-eabi/15.2.0/../../../../arm-none-eabi/lib/thumb/libg.a(libc_a-strtol.o)
 .text._strtol_r
                0x02018c5c       0x34 /opt/devkitpro/devkitARM/lib/gcc/arm-none-eabi/15.2.0/../../../../arm-none-eabi/lib/thumb/libg.a(libc_a-strtol.o)
                0x02018c5c                _strtol_r
 .text.strncpy  0x02018c90       0x68 /opt/devkitpro/devkitARM/lib/gcc/arm-none-eabi/15.2.0/../../../../arm-none-eabi/lib/thumb/libg.a(libc_a-strncpy.o)
                0x02018c90                strncpy
 .text.memchr   0x02018cf8       0x74 /opt/devkitpro/devkitARM/lib/gcc/arm-none-eabi/15.2.0/../../../../arm-none-eabi/lib/thumb/libg.a(libc_a-memchr-stub.o)
                0x02018cf8                memchr
 .text._wcsrtombs_r
                0x02018d6c       0x20 /opt/devkitpro/devkitARM/lib/gcc/arm-none-eabi/15.2.0/../../../../arm-none-eabi/lib/thumb/libg.a(libc_a-wcsrtombs.o)
                0x02018d6c                _wcsrtombs_r
 .text.__swsetup_r
                0x02018d8c       0xd4 /opt/devkitpro/devkitARM/lib/gcc/arm-none-eabi/15.2.0/../../../../arm-none-eabi/lib/thumb/libg.a(libc_a-wsetup.o)
                0x02018d8c                __swsetup_r
 .text._findenv_r
                0x02018e60       0x94 /opt/devkitpro/devkitARM/lib/gcc/arm-none-eabi/15.2.0/../../../../arm-none-eabi/lib/thumb/libg.a(libc_a-getenv_r.o)
                0x02018e60                _findenv_r
 .text._getenv_r
                0x02018ef4       0x10 /opt/devkitpro/devkitARM/lib/gcc/arm-none-eabi/15.2.0/../../../../arm-none-eabi/lib/thumb/libg.a(libc_a-getenv_r.o)
                0x02018ef4                _getenv_r
 .text._localeconv_r
                0x02018f04       0x20 /opt/devkitpro/devkitARM/lib/gcc/arm-none-eabi/15.2.0/../../../../arm-none-eabi/lib/thumb/libg.a(libc_a-localeconv.o)
                0x02018f04                _localeconv_r
 .text.memmove  0x02018f24      0x108 /opt/devkitpro/devkitARM/lib/gcc/arm-none-eabi/15.2.0/../../../../arm-none-eabi/lib/thumb/libg.a(libc_a-memmove.o)
                0x02018f24                memmove
 .text._realloc_r
                0x0201902c      0x344 /opt/devkitpro/devkitARM/lib/gcc/arm-none-eabi/15.2.0/../../../../arm-none-eabi/lib/thumb/libg.a(libc_a-reallocr.o)
                0x0201902c                _realloc_r
 .text.__ssputs_r
                0x02019370       0xd4 /opt/devkitpro/devkitARM/lib/gcc/arm-none-eabi/15.2.0/../../../../arm-none-eabi/lib/thumb/libg.a(libc_a-ssputs_r.o)
                0x02019370                __ssputs_r
 .text.__utf8_wctomb
                0x02019444       0xbc /opt/devkitpro/devkitARM/lib/gcc/arm-none-eabi/15.2.0/../../../../arm-none-eabi/lib/thumb/libg.a(libc_a-wctomb_r.o)
                0x02019444                __utf8_wctomb
 .text.strncmp  0x02019500       0x70 /opt/devkitpro/devkitARM/lib/gcc/arm-none-eabi/15.2.0/../../../../arm-none-eabi/lib/thumb/libg.a(libc_a-strncmp.o)
                0x02019500                strncmp
 .text._wcsnrtombs_l
                0x02019570      0x120 /opt/devkitpro/devkitARM/lib/gcc/arm-none-eabi/15.2.0/../../../../arm-none-eabi/lib/thumb/libg.a(libc_a-wcsnrtombs.o)
                0x02019570                _wcsnrtombs_l
 .text._wcsnrtombs_r
                0x02019690       0x40 /opt/devkitpro/devkitARM/lib/gcc/arm-none-eabi/15.2.0/../../../../arm-none-eabi/lib/thumb/libg.a(libc_a-wcsnrtombs.o)
                0x02019690                _wcsnrtombs_r
 .text.__env_lock
                0x020196d0       0x14 /opt/devkitpro/devkitARM/lib/gcc/arm-none-eabi/15.2.0/../../../../arm-none-eabi/lib/thumb/libg.a(libc_a-envlock.o)
                0x020196d0                __env_lock
 .text.__env_unlock
                0x020196e4       0x14 /opt/devkitpro/devkitARM/lib/gcc/arm-none-eabi/15.2.0/../../../../arm-none-eabi/lib/thumb/libg.a(libc_a-envlock.o)
                0x020196e4                __env_unlock
 .text.__assert_func
                0x020196f8       0x40 /opt/devkitpro/devkitARM/lib/gcc/arm-none-eabi/15.2.0/../../../../arm-none-eabi/lib/thumb/libg.a(libc_a-assert.o)
                0x020196f8                __assert_func
 .text.iswspace
                0x02019738       0x10 /opt/devkitpro/devkitARM/lib/gcc/arm-none-eabi/15.2.0/../../../../arm-none-eabi/lib/thumb/libg.a(libc_a-iswspace.o)
                0x02019738                iswspace
 .text._Balloc  0x02019748       0x5c /opt/devkitpro/devkitARM/lib/gcc/arm-none-eabi/15.2.0/../../../../arm-none-eabi/lib/thumb/libg.a(libc_a-mprec.o)
                0x02019748                _Balloc
 .text._Bfree   0x020197a4       0x14 /opt/devkitpro/devkitARM/lib/gcc/arm-none-eabi/15.2.0/../../../../arm-none-eabi/lib/thumb/libg.a(libc_a-mprec.o)
                0x020197a4                _Bfree
 .text.__multadd
                0x020197b8       0xa8 /opt/devkitpro/devkitARM/lib/gcc/arm-none-eabi/15.2.0/../../../../arm-none-eabi/lib/thumb/libg.a(libc_a-mprec.o)
                0x020197b8                __multadd
 .text.__hi0bits
                0x02019860       0x60 /opt/devkitpro/devkitARM/lib/gcc/arm-none-eabi/15.2.0/../../../../arm-none-eabi/lib/thumb/libg.a(libc_a-mprec.o)
                0x02019860                __hi0bits
 .text.__lo0bits
                0x020198c0       0x8c /opt/devkitpro/devkitARM/lib/gcc/arm-none-eabi/15.2.0/../../../../arm-none-eabi/lib/thumb/libg.a(libc_a-mprec.o)
                0x020198c0                __lo0bits
 .text.__i2b    0x0201994c       0x64 /opt/devkitpro/devkitARM/lib/gcc/arm-none-eabi/15.2.0/../../../../arm-none-eabi/lib/thumb/libg.a(libc_a-mprec.o)
                0x0201994c                __i2b
 .text.__multiply
                0x020199b0      0x1b4 /opt/devkitpro/devkitARM/lib/gcc/arm-none-eabi/15.2.0/../../../../arm-none-eabi/lib/thumb/libg.a(libc_a-mprec.o)
                0x020199b0                __multiply
 .text.__pow5mult
                0x02019b64       0xd8 /opt/devkitpro/devkitARM/lib/gcc/arm-none-eabi/15.2.0/../../../../arm-none-eabi/lib/thumb/libg.a(libc_a-mprec.o)
                0x02019b64                __pow5mult
 .text.__lshift
                0x02019c3c       0xf8 /opt/devkitpro/devkitARM/lib/gcc/arm-none-eabi/15.2.0/../../../../arm-none-eabi/lib/thumb/libg.a(libc_a-mprec.o)
                0x02019c3c                __lshift
 .text.__mcmp   0x02019d34       0x50 /opt/devkitpro/devkitARM/lib/gcc/arm-none-eabi/15.2.0/../../../../arm-none-eabi/lib/thumb/libg.a(libc_a-mprec.o)
                0x02019d34                __mcmp
 .text.__mdiff  0x02019d84      0x1a4 /opt/devkitpro/devkitARM/lib/gcc/arm-none-eabi/15.2.0/../../../../arm-none-eabi/lib/thumb/libg.a(libc_a-mprec.o)
                0x02019d84                __mdiff
 .text.__d2b    0x02019f28       0xd4 /opt/devkitpro/devkitARM/lib/gcc/arm-none-eabi/15.2.0/../../../../arm-none-eabi/lib/thumb/libg.a(libc_a-mprec.o)
                0x02019f28                __d2b
 .text._strtoull_l.isra.0
                0x02019ffc      0x1c0 /opt/devkitpro/devkitARM/lib/gcc/arm-none-eabi/15.2.0/../../../../arm-none-eabi/lib/thumb/libg.a(libc_a-strtoull.o)
 .text._strtoull_r
                0x0201a1bc       0x20 /opt/devkitpro/devkitARM/lib/gcc/arm-none-eabi/15.2.0/../../../../arm-none-eabi/lib/thumb/libg.a(libc_a-strtoull.o)
                0x0201a1bc                _strtoull_r
 .text.__submore
                0x0201a1dc       0x7c /opt/devkitpro/devkitARM/lib/gcc/arm-none-eabi/15.2.0/../../../../arm-none-eabi/lib/thumb/libg.a(libc_a-ungetc.o)
                0x0201a1dc                __submore
 .text.__utf8_mbtowc
                0x0201a258      0x24c /opt/devkitpro/devkitARM/lib/gcc/arm-none-eabi/15.2.0/../../../../arm-none-eabi/lib/thumb/libg.a(libc_a-mbtowc_r.o)
                0x0201a258                __utf8_mbtowc
 .text.fiprintf
                0x0201a4a4       0x28 /opt/devkitpro/devkitARM/lib/gcc/arm-none-eabi/15.2.0/../../../../arm-none-eabi/lib/thumb/libg.a(libc_a-fiprintf.o)
                0x0201a4a4                fiprintf
 .text._mbrtowc_r
                0x0201a4cc       0x9c /opt/devkitpro/devkitARM/lib/gcc/arm-none-eabi/15.2.0/../../../../arm-none-eabi/lib/thumb/libg.a(libc_a-mbrtowc.o)
                0x0201a4cc                _mbrtowc_r
 .text.__sccl   0x0201a568       0xb0 /opt/devkitpro/devkitARM/lib/gcc/arm-none-eabi/15.2.0/../../../../arm-none-eabi/lib/thumb/libg.a(libc_a-sccl.o)
                0x0201a568                __sccl
 .text.abort    0x0201a618       0x10 /opt/devkitpro/devkitARM/lib/gcc/arm-none-eabi/15.2.0/../../../../arm-none-eabi/lib/thumb/libg.a(libc_a-abort.o)
                0x0201a618                abort
 .text._strtoll_l.isra.0
                0x0201a628      0x300 /opt/devkitpro/devkitARM/lib/gcc/arm-none-eabi/15.2.0/../../../../arm-none-eabi/lib/thumb/libg.a(libc_a-strtoll.o)
 .text._strtoll_r
                0x0201a928       0x20 /opt/devkitpro/devkitARM/lib/gcc/arm-none-eabi/15.2.0/../../../../arm-none-eabi/lib/thumb/libg.a(libc_a-strtoll.o)
                0x0201a928                _strtoll_r
 .text.realloc  0x0201a948       0x18 /opt/devkitpro/devkitARM/lib/gcc/arm-none-eabi/15.2.0/../../../../arm-none-eabi/lib/thumb/libg.a(libc_a-realloc.o)
                0x0201a948                realloc
 .text.iswspace_l
                0x0201a960       0x28 /opt/devkitpro/devkitARM/lib/gcc/arm-none-eabi/15.2.0/../../../../arm-none-eabi/lib/thumb/libg.a(libc_a-iswspace_l.o)
                0x0201a960                iswspace_l
 .text._raise_r
                0x0201a988       0x60 /opt/devkitpro/devkitARM/lib/gcc/arm-none-eabi/15.2.0/../../../../arm-none-eabi/lib/thumb/libg.a(libc_a-signal.o)
                0x0201a988                _raise_r
 .text.raise    0x0201a9e8       0x14 /opt/devkitpro/devkitARM/lib/gcc/arm-none-eabi/15.2.0/../../../../arm-none-eabi/lib/thumb/libg.a(libc_a-signal.o)
                0x0201a9e8                raise
 .text.category
                0x0201a9fc       0x5c /opt/devkitpro/devkitARM/lib/gcc/arm-none-eabi/15.2.0/../../../../arm-none-eabi/lib/thumb/libg.a(libc_a-categories.o)
                0x0201a9fc                category
 .text._exit    0x0201aa58       0x14 /opt/devkitpro/devkitARM/lib/gcc/arm-none-eabi/15.2.0/../../../../arm-none-eabi/lib/thumb/libsysbase.a(libsysbase_libsysbase_a-_exit.o)
                0x0201aa58                _exit
 .text.chdir    0x0201aa6c       0xe4 /opt/devkitpro/devkitARM/lib/gcc/arm-none-eabi/15.2.0/../../../../arm-none-eabi/lib/thumb/libsysbase.a(libsysbase_libsysbase_a-chdir.o)
                0x0201aa6c                chdir
 .text._concatenate_path
                0x0201ab50      0x134 /opt/devkitpro/devkitARM/lib/gcc/arm-none-eabi/15.2.0/../../../../arm-none-eabi/lib/thumb/libsysbase.a(libsysbase_libsysbase_a-concatenate.o)
                0x0201ab50                _concatenate_path
 .text.__dirnext
                0x0201ac84       0x4c /opt/devkitpro/devkitARM/lib/gcc/arm-none-eabi/15.2.0/../../../../arm-none-eabi/lib/thumb/libsysbase.a(libsysbase_libsysbase_a-dirent.o)
 .text.opendir  0x0201acd0       0xc0 /opt/devkitpro/devkitARM/lib/gcc/arm-none-eabi/15.2.0/../../../../arm-none-eabi/lib/thumb/libsysbase.a(libsysbase_libsysbase_a-dirent.o)
                0x0201acd0                opendir
 .text.closedir
                0x0201ad90       0x70 /opt/devkitpro/devkitARM/lib/gcc/arm-none-eabi/15.2.0/../../../../arm-none-eabi/lib/thumb/libsysbase.a(libsysbase_libsysbase_a-dirent.o)
                0x0201ad90                closedir
 .text.readdir_r
                0x0201ae00       0x8c /opt/devkitpro/devkitARM/lib/gcc/arm-none-eabi/15.2.0/../../../../arm-none-eabi/lib/thumb/libsysbase.a(libsysbase_libsysbase_a-dirent.o)
                0x0201ae00                readdir_r
 .text.readdir  0x0201ae8c       0x28 /opt/devkitpro/devkitARM/lib/gcc/arm-none-eabi/15.2.0/../../../../arm-none-eabi/lib/thumb/libsysbase.a(libsysbase_libsysbase_a-dirent.o)
                0x0201ae8c                readdir
 .text._fstat_r
                0x0201aeb4       0x5c /opt/devkitpro/devkitARM/lib/gcc/arm-none-eabi/15.2.0/../../../../arm-none-eabi/lib/thumb/libsysbase.a(libsysbase_libsysbase_a-fstat.o)
                0x0201aeb4                _fstat_r
 .text._getpid_r
                0x0201af10        0xc /opt/devkitpro/devkitARM/lib/gcc/arm-none-eabi/15.2.0/../../../../arm-none-eabi/lib/thumb/libsysbase.a(libsysbase_libsysbase_a-getpid.o)
                0x0201af10                _getpid_r
 .text.__getreent
                0x0201af1c       0x20 /opt/devkitpro/devkitARM/lib/gcc/arm-none-eabi/15.2.0/../../../../arm-none-eabi/lib/thumb/libsysbase.a(libsysbase_libsysbase_a-getreent.o)
                0x0201af1c                __getreent
 .text._gettimeofday_r
                0x0201af3c       0x20 /opt/devkitpro/devkitARM/lib/gcc/arm-none-eabi/15.2.0/../../../../arm-none-eabi/lib/thumb/libsysbase.a(libsysbase_libsysbase_a-gettod.o)
                0x0201af3c                _gettimeofday_r
 .text.__release_handle
                0x0201af5c       0x6c /opt/devkitpro/devkitARM/lib/gcc/arm-none-eabi/15.2.0/../../../../arm-none-eabi/lib/thumb/libsysbase.a(libsysbase_libsysbase_a-handle_manager.o)
                0x0201af5c                __release_handle
 .text.__alloc_handle
                0x0201afc8       0x7c /opt/devkitpro/devkitARM/lib/gcc/arm-none-eabi/15.2.0/../../../../arm-none-eabi/lib/thumb/libsysbase.a(libsysbase_libsysbase_a-handle_manager.o)
                0x0201afc8                __alloc_handle
 .text.__get_handle
                0x0201b044       0x34 /opt/devkitpro/devkitARM/lib/gcc/arm-none-eabi/15.2.0/../../../../arm-none-eabi/lib/thumb/libsysbase.a(libsysbase_libsysbase_a-handle_manager.o)
                0x0201b044                __get_handle
 .text._close_r
                0x0201b078       0xb0 /opt/devkitpro/devkitARM/lib/gcc/arm-none-eabi/15.2.0/../../../../arm-none-eabi/lib/thumb/libsysbase.a(libsysbase_libsysbase_a-handle_manager.o)
                0x0201b078                _close_r
 .text.null_write
                0x0201b128        0x4 /opt/devkitpro/devkitARM/lib/gcc/arm-none-eabi/15.2.0/../../../../arm-none-eabi/lib/thumb/libsysbase.a(libsysbase_libsysbase_a-iosupport.o)
 .text.setDefaultDevice
                0x0201b12c       0x10 /opt/devkitpro/devkitARM/lib/gcc/arm-none-eabi/15.2.0/../../../../arm-none-eabi/lib/thumb/libsysbase.a(libsysbase_libsysbase_a-iosupport.o)
                0x0201b12c                setDefaultDevice
 .text.FindDevice
                0x0201b13c       0x64 /opt/devkitpro/devkitARM/lib/gcc/arm-none-eabi/15.2.0/../../../../arm-none-eabi/lib/thumb/libsysbase.a(libsysbase_libsysbase_a-iosupport.o)
                0x0201b13c                FindDevice
 .text.AddDevice
                0x0201b1a0       0x68 /opt/devkitpro/devkitARM/lib/gcc/arm-none-eabi/15.2.0/../../../../arm-none-eabi/lib/thumb/libsysbase.a(libsysbase_libsysbase_a-iosupport.o)
                0x0201b1a0                AddDevice
 .text.GetDeviceOpTab
                0x0201b208       0x20 /opt/devkitpro/devkitARM/lib/gcc/arm-none-eabi/15.2.0/../../../../arm-none-eabi/lib/thumb/libsysbase.a(libsysbase_libsysbase_a-iosupport.o)
                0x0201b208                GetDeviceOpTab
 .text._isatty_r
                0x0201b228        0x4 /opt/devkitpro/devkitARM/lib/gcc/arm-none-eabi/15.2.0/../../../../arm-none-eabi/lib/thumb/libsysbase.a(libsysbase_libsysbase_a-isatty.o)
                0x0201b228                _isatty_r
 .text._kill_r  0x0201b22c        0xc /opt/devkitpro/devkitARM/lib/gcc/arm-none-eabi/15.2.0/../../../../arm-none-eabi/lib/thumb/libsysbase.a(libsysbase_libsysbase_a-kill.o)
                0x0201b22c                _kill_r
 .text._lseek_r
                0x0201b238       0x64 /opt/devkitpro/devkitARM/lib/gcc/arm-none-eabi/15.2.0/../../../../arm-none-eabi/lib/thumb/libsysbase.a(libsysbase_libsysbase_a-lseek.o)
                0x0201b238                _lseek_r
 .text._open_r  0x0201b29c       0x8c /opt/devkitpro/devkitARM/lib/gcc/arm-none-eabi/15.2.0/../../../../arm-none-eabi/lib/thumb/libsysbase.a(libsysbase_libsysbase_a-open.o)
                0x0201b29c                _open_r
 .text._read_r  0x0201b328       0x5c /opt/devkitpro/devkitARM/lib/gcc/arm-none-eabi/15.2.0/../../../../arm-none-eabi/lib/thumb/libsysbase.a(libsysbase_libsysbase_a-read.o)
                0x0201b328                _read_r
 .text._sbrk_r  0x0201b384       0x50 /opt/devkitpro/devkitARM/lib/gcc/arm-none-eabi/15.2.0/../../../../arm-none-eabi/lib/thumb/libsysbase.a(libsysbase_libsysbase_a-sbrk.o)
                0x0201b384                _sbrk_r
 .text.__libc_lock_acquire
                0x0201b3d4       0x18 /opt/devkitpro/devkitARM/lib/gcc/arm-none-eabi/15.2.0/../../../../arm-none-eabi/lib/thumb/libsysbase.a(libsysbase_libsysbase_a-syscall_support.o)
                0x0201b3d4                __libc_lock_acquire
 .text.__libc_lock_release
                0x0201b3ec       0x18 /opt/devkitpro/devkitARM/lib/gcc/arm-none-eabi/15.2.0/../../../../arm-none-eabi/lib/thumb/libsysbase.a(libsysbase_libsysbase_a-syscall_support.o)
                0x0201b3ec                __libc_lock_release
 .text.__libc_lock_acquire_recursive
                0x0201b404       0x18 /opt/devkitpro/devkitARM/lib/gcc/arm-none-eabi/15.2.0/../../../../arm-none-eabi/lib/thumb/libsysbase.a(libsysbase_libsysbase_a-syscall_support.o)
                0x0201b404                __libc_lock_acquire_recursive
 .text.__libc_lock_release_recursive
                0x0201b41c       0x18 /opt/devkitpro/devkitARM/lib/gcc/arm-none-eabi/15.2.0/../../../../arm-none-eabi/lib/thumb/libsysbase.a(libsysbase_libsysbase_a-syscall_support.o)
                0x0201b41c                __libc_lock_release_recursive
 .text._write_r
                0x0201b434       0x5c /opt/devkitpro/devkitARM/lib/gcc/arm-none-eabi/15.2.0/../../../../arm-none-eabi/lib/thumb/libsysbase.a(libsysbase_libsysbase_a-write.o)
                0x0201b434                _write_r
 .text          0x0201b490       0x14 /opt/devkitpro/devkitARM/lib/gcc/arm-none-eabi/15.2.0/thumb/libgcc.a(_thumb1_case_uqi.o)
                0x0201b490                __gnu_thumb1_case_uqi
 .text          0x0201b4a4       0x14 /opt/devkitpro/devkitARM/lib/gcc/arm-none-eabi/15.2.0/thumb/libgcc.a(_thumb1_case_uhi.o)
                0x0201b4a4                __gnu_thumb1_case_uhi
 .text          0x0201b4b8      0x424 /opt/devkitpro/devkitARM/lib/gcc/arm-none-eabi/15.2.0/thumb/libgcc.a(_arm_addsubdf3.o)
                0x0201b4b8                __aeabi_drsub
                0x0201b4c0                __aeabi_dsub
                0x0201b4c0                __subdf3
                0x0201b4c4                __adddf3
                0x0201b4c4                __aeabi_dadd
                0x0201b7d4                __aeabi_ui2d
                0x0201b7d4                __floatunsidf
                0x0201b7f8                __floatsidf
                0x0201b7f8                __aeabi_i2d
                0x0201b820                __extendsfdf2
                0x0201b820                __aeabi_f2d
                0x0201b868                __aeabi_ul2d
                0x0201b868                __floatundidf
                0x0201b87c                __floatdidf
                0x0201b87c                __aeabi_l2d
 .text          0x0201b8dc      0x49c /opt/devkitpro/devkitARM/lib/gcc/arm-none-eabi/15.2.0/thumb/libgcc.a(_arm_muldivdf3.o)
                0x0201b8dc                __aeabi_dmul
                0x0201b8dc                __muldf3
                0x0201bb6c                __aeabi_ddiv
                0x0201bb6c                __divdf3
 .text          0x0201bd78      0x144 /opt/devkitpro/devkitARM/lib/gcc/arm-none-eabi/15.2.0/thumb/libgcc.a(_arm_cmpdf2.o)
                0x0201bd78                __gtdf2
                0x0201bd78                __gedf2
                0x0201bd80                __ltdf2
                0x0201bd80                __ledf2
                0x0201bd88                __cmpdf2
                0x0201bd88                __eqdf2
                0x0201bd88                __nedf2
                0x0201be10                __aeabi_cdrcmple
                0x0201be2c                __aeabi_cdcmple
                0x0201be2c                __aeabi_cdcmpeq
                0x0201be44                __aeabi_dcmpeq
                0x0201be5c                __aeabi_dcmplt
                0x0201be74                __aeabi_dcmple
                0x0201be8c                __aeabi_dcmpge
                0x0201bea4                __aeabi_dcmpgt
 .text          0x0201bebc       0x38 /opt/devkitpro/devkitARM/lib/gcc/arm-none-eabi/15.2.0/thumb/libgcc.a(_arm_unorddf2.o)
                0x0201bebc                __aeabi_dcmpun
                0x0201bebc                __unorddf2
 .text          0x0201bef4       0x5c /opt/devkitpro/devkitARM/lib/gcc/arm-none-eabi/15.2.0/thumb/libgcc.a(_arm_fixdfsi.o)
                0x0201bef4                __fixdfsi
                0x0201bef4                __aeabi_d2iz
 .text.__muldi3
                0x0201bf50       0x58 /opt/devkitpro/devkitARM/lib/gcc/arm-none-eabi/15.2.0/thumb/libgcc.a(_muldi3.o)
                0x0201bf50                __aeabi_lmul
                0x0201bf50                __muldi3
 EXCLUDE_FILE(*.twl.*) *(.glue_7t .glue_7 .vfp11_veneer .v4_bx)
 .glue_7        0x0201bfa8        0x0 linker stubs
 .glue_7t       0x0201bfa8        0x0 linker stubs
 .vfp11_veneer  0x0201bfa8        0x0 linker stubs
 .v4_bx         0x0201bfa8        0x0 linker stubs
 *(SORT_NONE(.fini))
 .fini          0x0201bfa8        0x4 /opt/devkitpro/devkitARM/lib/gcc/arm-none-eabi/15.2.0/thumb/crti.o
                0x0201bfa8                _fini
 .fini          0x0201bfac        0x8 /opt/devkitpro/devkitARM/lib/gcc/arm-none-eabi/15.2.0/thumb/crtn.o
 *fill*         0x0201bfb4        0x4 ff
 .fini.__stub   0x0201bfb8       0x28 linker stubs
 EXCLUDE_FILE(*.twl.*) *(.rodata .rodata.* .gnu.linkonce.r.*)
 .rodata.scanFiles.str1.4
                0x0201bfe0      0x351 main.o
                                 0x17 (size before relaxing)
 .rodata.updateMenu.str1.4
                0x0201c331        0x0 main.o
                                 0x79 (size before relaxing)
 .rodata.main.str1.4
                0x0201c331        0x0 main.o
                                  0x3 (size before relaxing)
 *fill*         0x0201c331        0x7 ff
 .rodata.vietnamese_font
                0x0201c338     0x13f8 main.o
                0x0201c338                vietnamese_font
 .rodata        0x0201d730    0x10200 vfont_0.o
                0x0201d730                vfont_0Bitmap
                0x0202d730                vfont_0Pal
 .rodata.dvmInit.str1.4
                0x0202d930        0x0 /opt/devkitpro/libnds/lib/libfat.a(dvm_calico.o)
                                  0xd (size before relaxing)
 .rodata.s_dvmDiscCalicoIface
                0x0202d930       0x10 /opt/devkitpro/libnds/lib/libfat.a(dvm_calico.o)
 .rodata.s_dvmDiscCacheIface
                0x0202d940       0x10 /opt/devkitpro/libnds/lib/libfat.a(dvm_cache.o)
 .rodata.dvmMountVolume.str1.4
                0x0202d950        0x0 /opt/devkitpro/libnds/lib/libfat.a(dvm_volume.o)
                                  0xc (size before relaxing)
 .rodata._dvmIdentMbrVbr.str1.4
                0x0202d950        0x0 /opt/devkitpro/libnds/lib/libfat.a(dvm_prober.o)
                                 0x3d (size before relaxing)
 .rodata.fr_to_errno.0
                0x0202d950       0x14 /opt/devkitpro/libnds/lib/libfat.a(fat_driver.o)
 .rodata.str1.4
                0x0202d964        0x0 /opt/devkitpro/libnds/lib/libfat.a(fat_driver.o)
                                  0x5 (size before relaxing)
 .rodata.g_vfatFsDriver
                0x0202d964       0x14 /opt/devkitpro/libnds/lib/libfat.a(fat_driver.o)
                0x0202d964                g_vfatFsDriver
 .rodata._FAT_devoptab
                0x0202d978       0x80 /opt/devkitpro/libnds/lib/libfat.a(fat_driver.o)
 .rodata.follow_path.str1.4
                0x0202d9f8        0x0 /opt/devkitpro/libnds/lib/libfat.a(ff.o)
                                 0x13 (size before relaxing)
 .rodata.check_fs.str1.4
                0x0202d9f8        0x0 /opt/devkitpro/libnds/lib/libfat.a(ff.o)
                                  0x9 (size before relaxing)
 .rodata.ExCvt  0x0202d9f8       0x80 /opt/devkitpro/libnds/lib/libfat.a(ff.o)
 .rodata.LfnOfs
                0x0202da78        0xd /opt/devkitpro/libnds/lib/libfat.a(ff.o)
 .rodata.ff_wtoupper
                0x0202da85        0x9 /opt/devkitpro/libnds/lib/libfat.a(ffunicode.o)
 *fill*         0x0202da8e        0x2 ff
 .rodata.cvt2.0
                0x0202da90       0xbc /opt/devkitpro/libnds/lib/libfat.a(ffunicode.o)
 .rodata.cvt1.1
                0x0202db4c      0x1f2 /opt/devkitpro/libnds/lib/libfat.a(ffunicode.o)
 *fill*         0x0202dd3e        0x2 ff
 .rodata.uc437  0x0202dd40      0x100 /opt/devkitpro/libnds/lib/libfat.a(ffunicode.o)
 .rodata.con_write.str1.4
                0x0202de40        0x0 /opt/devkitpro/libnds/lib/libnds9.a(console.o)
                                 0x30 (size before relaxing)
 .rodata.con_write
                0x0202de40       0xd4 /opt/devkitpro/libnds/lib/libnds9.a(console.o)
 .rodata.consoleClear.str1.4
                0x0202df14        0x0 /opt/devkitpro/libnds/lib/libnds9.a(console.o)
                                  0x5 (size before relaxing)
 .rodata.str1.4
                0x0202df14        0x0 /opt/devkitpro/libnds/lib/libnds9.a(console.o)
                                 0x14 (size before relaxing)
 .rodata.dotab_stdout
                0x0202df14       0x80 /opt/devkitpro/libnds/lib/libnds9.a(console.o)
 .rodata.default_font_bin
                0x0202df94      0x800 /opt/devkitpro/libnds/lib/libnds9.a(default_font.bin.o)
                0x0202df94                default_font_bin
                0x0202e794                default_font_bin_end
 .rodata.SIN_LUT
                0x0202e794      0x102 /opt/devkitpro/libnds/lib/libnds9.a(trig.o)
                0x0202e794                SIN_LUT
 *fill*         0x0202e896        0x2 ff
 .rodata._DAYS_BEFORE_MONTH
                0x0202e898       0x30 /opt/devkitpro/devkitARM/lib/gcc/arm-none-eabi/15.2.0/../../../../arm-none-eabi/lib/thumb/libg.a(libc_a-mktime.o)
 .rodata.DAYS_IN_MONTH
                0x0202e8c8       0x30 /opt/devkitpro/devkitARM/lib/gcc/arm-none-eabi/15.2.0/../../../../arm-none-eabi/lib/thumb/libg.a(libc_a-mktime.o)
 .rodata._puts_r.str1.4
                0x0202e8f8        0x0 /opt/devkitpro/devkitARM/lib/gcc/arm-none-eabi/15.2.0/../../../../arm-none-eabi/lib/thumb/libg.a(libc_a-puts.o)
                                  0x2 (size before relaxing)
 .rodata._svfprintf_r.str1.1
                0x0202e8f8       0x3b /opt/devkitpro/devkitARM/lib/gcc/arm-none-eabi/15.2.0/../../../../arm-none-eabi/lib/thumb/libg.a(libc_a-svfprintf.o)
 *fill*         0x0202e933        0x1 ff
 .rodata.zeroes.0
                0x0202e934       0x10 /opt/devkitpro/devkitARM/lib/gcc/arm-none-eabi/15.2.0/../../../../arm-none-eabi/lib/thumb/libg.a(libc_a-svfprintf.o)
 .rodata.blanks.1
                0x0202e944       0x10 /opt/devkitpro/devkitARM/lib/gcc/arm-none-eabi/15.2.0/../../../../arm-none-eabi/lib/thumb/libg.a(libc_a-svfprintf.o)
 .rodata._vfiprintf_r.str1.1
                0x0202e954        0x0 /opt/devkitpro/devkitARM/lib/gcc/arm-none-eabi/15.2.0/../../../../arm-none-eabi/lib/thumb/libg.a(libc_a-vfiprintf.o)
                                 0x29 (size before relaxing)
 .rodata.zeroes.0
                0x0202e954       0x10 /opt/devkitpro/devkitARM/lib/gcc/arm-none-eabi/15.2.0/../../../../arm-none-eabi/lib/thumb/libg.a(libc_a-vfiprintf.o)
 .rodata.blanks.1
                0x0202e964       0x10 /opt/devkitpro/devkitARM/lib/gcc/arm-none-eabi/15.2.0/../../../../arm-none-eabi/lib/thumb/libg.a(libc_a-vfiprintf.o)
 .rodata._tzset_unlocked_r.str1.4
                0x0202e974        0x0 /opt/devkitpro/devkitARM/lib/gcc/arm-none-eabi/15.2.0/../../../../arm-none-eabi/lib/thumb/libg.a(libc_a-tzset_r.o)
                                 0x6b (size before relaxing)
 .rodata.__month_lengths
                0x0202e974       0x60 /opt/devkitpro/devkitARM/lib/gcc/arm-none-eabi/15.2.0/../../../../arm-none-eabi/lib/thumb/libg.a(libc_a-month_lengths.o)
                0x0202e974                __month_lengths
 .rodata._vfprintf_r.str1.1
                0x0202e9d4        0x0 /opt/devkitpro/devkitARM/lib/gcc/arm-none-eabi/15.2.0/../../../../arm-none-eabi/lib/thumb/libg.a(libc_a-vfprintf.o)
                                 0x3b (size before relaxing)
 .rodata.zeroes.0
                0x0202e9d4       0x10 /opt/devkitpro/devkitARM/lib/gcc/arm-none-eabi/15.2.0/../../../../arm-none-eabi/lib/thumb/libg.a(libc_a-vfprintf.o)
 .rodata.blanks.1
                0x0202e9e4       0x10 /opt/devkitpro/devkitARM/lib/gcc/arm-none-eabi/15.2.0/../../../../arm-none-eabi/lib/thumb/libg.a(libc_a-vfprintf.o)
 .rodata.str1.4
                0x0202e9f4        0x0 /opt/devkitpro/devkitARM/lib/gcc/arm-none-eabi/15.2.0/../../../../arm-none-eabi/lib/thumb/libg.a(libc_a-tzvars.o)
                                  0x4 (size before relaxing)
 .rodata.__action_table
                0x0202e9f4       0x6c /opt/devkitpro/devkitARM/lib/gcc/arm-none-eabi/15.2.0/../../../../arm-none-eabi/lib/thumb/libg.a(libc_a-svfiprintf.o)
                0x0202e9f4                __action_table
 .rodata.__state_table
                0x0202ea60       0x6c /opt/devkitpro/devkitARM/lib/gcc/arm-none-eabi/15.2.0/../../../../arm-none-eabi/lib/thumb/libg.a(libc_a-svfiprintf.o)
                0x0202ea60                __state_table
 .rodata.__chclass
                0x0202eacc      0x100 /opt/devkitpro/devkitARM/lib/gcc/arm-none-eabi/15.2.0/../../../../arm-none-eabi/lib/thumb/libg.a(libc_a-svfiprintf.o)
                0x0202eacc                __chclass
 .rodata.str1.4
                0x0202ebcc        0x0 /opt/devkitpro/devkitARM/lib/gcc/arm-none-eabi/15.2.0/../../../../arm-none-eabi/lib/thumb/libg.a(libc_a-locale.o)
                                 0x4c (size before relaxing)
 .rodata._dtoa_r.str1.4
                0x0202ebcc        0x0 /opt/devkitpro/devkitARM/lib/gcc/arm-none-eabi/15.2.0/../../../../arm-none-eabi/lib/thumb/libg.a(libc_a-dtoa.o)
                                 0x9c (size before relaxing)
 .rodata.basefix.0
                0x0202ebcc       0x22 /opt/devkitpro/devkitARM/lib/gcc/arm-none-eabi/15.2.0/../../../../arm-none-eabi/lib/thumb/libg.a(libc_a-svfiscanf.o)
 *fill*         0x0202ebee        0x2 ff
 .rodata._ctype_
                0x0202ebf0      0x101 /opt/devkitpro/devkitARM/lib/gcc/arm-none-eabi/15.2.0/../../../../arm-none-eabi/lib/thumb/libg.a(libc_a-ctype_.o)
                0x0202ebf0                _ctype_
 .rodata.__assert_func.str1.4
                0x0202ecf1        0x0 /opt/devkitpro/devkitARM/lib/gcc/arm-none-eabi/15.2.0/../../../../arm-none-eabi/lib/thumb/libg.a(libc_a-assert.o)
                                 0x43 (size before relaxing)
 .rodata.__multadd.str1.4
                0x0202ecf1        0x0 /opt/devkitpro/devkitARM/lib/gcc/arm-none-eabi/15.2.0/../../../../arm-none-eabi/lib/thumb/libg.a(libc_a-mprec.o)
                                 0x89 (size before relaxing)
 *fill*         0x0202ecf1        0x3 ff
 .rodata.p05.0  0x0202ecf4        0xc /opt/devkitpro/devkitARM/lib/gcc/arm-none-eabi/15.2.0/../../../../arm-none-eabi/lib/thumb/libg.a(libc_a-mprec.o)
 .rodata.__mprec_bigtens
                0x0202ed00       0x28 /opt/devkitpro/devkitARM/lib/gcc/arm-none-eabi/15.2.0/../../../../arm-none-eabi/lib/thumb/libg.a(libc_a-mprec.o)
                0x0202ed00                __mprec_bigtens
 .rodata.__mprec_tens
                0x0202ed28       0xc8 /opt/devkitpro/devkitARM/lib/gcc/arm-none-eabi/15.2.0/../../../../arm-none-eabi/lib/thumb/libg.a(libc_a-mprec.o)
                0x0202ed28                __mprec_tens
 .rodata._mbrtowc_r.str1.4
                0x0202edf0        0x0 /opt/devkitpro/devkitARM/lib/gcc/arm-none-eabi/15.2.0/../../../../arm-none-eabi/lib/thumb/libg.a(libc_a-mbrtowc.o)
                                  0x1 (size before relaxing)
 .rodata.categories
                0x0202edf0     0x37f8 /opt/devkitpro/devkitARM/lib/gcc/arm-none-eabi/15.2.0/../../../../arm-none-eabi/lib/thumb/libg.a(libc_a-categories.o)
 .rodata.str1.4
                0x020325e8        0x0 /opt/devkitpro/devkitARM/lib/gcc/arm-none-eabi/15.2.0/../../../../arm-none-eabi/lib/thumb/libsysbase.a(libsysbase_libsysbase_a-iosupport.o)
                                  0x8 (size before relaxing)
 .rodata.dotab_stdnull
                0x020325e8       0x80 /opt/devkitpro/devkitARM/lib/gcc/arm-none-eabi/15.2.0/../../../../arm-none-eabi/lib/thumb/libsysbase.a(libsysbase_libsysbase_a-iosupport.o)
                0x020325e8                dotab_stdnull
 EXCLUDE_FILE(*.twl.*) *(.rodata1)
                0x02032668                        . = ALIGN (0x4)

.main.rw        0x02032668     0x1eb4 load address 0x0203a6e8
 EXCLUDE_FILE(*.twl.*) *(.data .data.* .gnu.linkonce.d.*)
 .data.s_dvmDiscNand
                0x02032668       0x10 /opt/devkitpro/libnds/lib/libfat.a(dvm_calico.o)
 .data.s_dvmDiscSd
                0x02032678       0x10 /opt/devkitpro/libnds/lib/libfat.a(dvm_calico.o)
 .data.s_dvmDiscDldi
                0x02032688       0x10 /opt/devkitpro/libnds/lib/libfat.a(dvm_calico.o)
 .data.g_dvmDefaultSectorsPerPage
                0x02032698        0x4 /opt/devkitpro/libnds/lib/libfat.a(dvm_calico.o)
                0x02032698                g_dvmDefaultSectorsPerPage
 .data.g_dvmDefaultCachePages
                0x0203269c        0x4 /opt/devkitpro/libnds/lib/libfat.a(dvm_calico.o)
                0x0203269c                g_dvmDefaultCachePages
 .data.s_dvmFsDrvTable
                0x020326a0       0x20 /opt/devkitpro/libnds/lib/libfat.a(dvm_volume.o)
 .data.firstConsoleInit.0
                0x020326c0        0x1 /opt/devkitpro/libnds/lib/libnds9.a(console.o)
 *fill*         0x020326c1        0x3 ff
 .data.currentConsole
                0x020326c4        0x4 /opt/devkitpro/libnds/lib/libnds9.a(console.o)
                0x020326c4                currentConsole
 .data.defaultConsole
                0x020326c8       0x5c /opt/devkitpro/libnds/lib/libnds9.a(console.o)
                0x020326c8                defaultConsole
 .data.count    0x02032724        0x1 /opt/devkitpro/libnds/lib/libnds9.a(keys.o)
 .data.repeat   0x02032725        0x1 /opt/devkitpro/libnds/lib/libnds9.a(keys.o)
 .data.delay    0x02032726        0x1 /opt/devkitpro/libnds/lib/libnds9.a(keys.o)
 *fill*         0x02032727        0x1 ff
 .data.bgTransform
                0x02032728       0x20 /opt/devkitpro/libnds/lib/libnds9.a(background.o)
                0x02032728                bgTransform
 .data.bgScrollTable
                0x02032748       0x20 /opt/devkitpro/libnds/lib/libnds9.a(background.o)
                0x02032748                bgScrollTable
 .data.bgControl
                0x02032768       0x20 /opt/devkitpro/libnds/lib/libnds9.a(background.o)
                0x02032768                bgControl
 .data.__malloc_sbrk_base
                0x02032788        0x4 /opt/devkitpro/devkitARM/lib/gcc/arm-none-eabi/15.2.0/../../../../arm-none-eabi/lib/thumb/libg.a(libc_a-mallocr.o)
                0x02032788                __malloc_sbrk_base
 .data.__malloc_trim_threshold
                0x0203278c        0x4 /opt/devkitpro/devkitARM/lib/gcc/arm-none-eabi/15.2.0/../../../../arm-none-eabi/lib/thumb/libg.a(libc_a-mallocr.o)
                0x0203278c                __malloc_trim_threshold